Archive member included to satisfy reference by file (symbol)

/usr/lib/gcc/arm-none-eabi/9.2.1/../../../arm-none-eabi/lib/thumb/v7e-m+fp/hard/libc_nano.a(lib_a-div.o)
                              /home/aki/Desktop/TryNucleoCode/LedToggleWithButton/bin/nucleo-f767zi/periph_common/rtc.o (div)
/usr/lib/gcc/arm-none-eabi/9.2.1/../../../arm-none-eabi/lib/thumb/v7e-m+fp/hard/libc_nano.a(lib_a-errno.o)
                              /home/aki/Desktop/TryNucleoCode/LedToggleWithButton/bin/nucleo-f767zi/newlib_syscalls_default/syscalls.o (__errno)
/usr/lib/gcc/arm-none-eabi/9.2.1/../../../arm-none-eabi/lib/thumb/v7e-m+fp/hard/libc_nano.a(lib_a-impure.o)
                              /usr/lib/gcc/arm-none-eabi/9.2.1/../../../arm-none-eabi/lib/thumb/v7e-m+fp/hard/libc_nano.a(lib_a-errno.o) (_impure_ptr)
/usr/lib/gcc/arm-none-eabi/9.2.1/../../../arm-none-eabi/lib/thumb/v7e-m+fp/hard/libc_nano.a(lib_a-init.o)
                              /home/aki/Desktop/TryNucleoCode/LedToggleWithButton/bin/nucleo-f767zi/cortexm_common/vectors_cortexm.o (__libc_init_array)
/usr/lib/gcc/arm-none-eabi/9.2.1/../../../arm-none-eabi/lib/thumb/v7e-m+fp/hard/libc_nano.a(lib_a-memcmp.o)
                              /home/aki/Desktop/TryNucleoCode/LedToggleWithButton/bin/nucleo-f767zi/core/atomic_c11.o (memcmp)
/usr/lib/gcc/arm-none-eabi/9.2.1/../../../arm-none-eabi/lib/thumb/v7e-m+fp/hard/libc_nano.a(lib_a-memcpy.o)
                              /home/aki/Desktop/TryNucleoCode/LedToggleWithButton/bin/nucleo-f767zi/core/atomic_c11.o (memcpy)
/usr/lib/gcc/arm-none-eabi/9.2.1/../../../arm-none-eabi/lib/thumb/v7e-m+fp/hard/libc_nano.a(lib_a-memset.o)
                              /home/aki/Desktop/TryNucleoCode/LedToggleWithButton/bin/nucleo-f767zi/periph_common/rtc.o (memset)
/usr/lib/gcc/arm-none-eabi/9.2.1/../../../arm-none-eabi/lib/thumb/v7e-m+fp/hard/libc_nano.a(lib_a-mstats.o)
                              /home/aki/Desktop/TryNucleoCode/LedToggleWithButton/bin/nucleo-f767zi/newlib_syscalls_default/syscalls.o (mallinfo)
/usr/lib/gcc/arm-none-eabi/9.2.1/../../../arm-none-eabi/lib/thumb/v7e-m+fp/hard/libc_nano.a(lib_a-nano-mallinfor.o)
                              /usr/lib/gcc/arm-none-eabi/9.2.1/../../../arm-none-eabi/lib/thumb/v7e-m+fp/hard/libc_nano.a(lib_a-mstats.o) (_mallinfo_r)
/usr/lib/gcc/arm-none-eabi/9.2.1/../../../arm-none-eabi/lib/thumb/v7e-m+fp/hard/libc_nano.a(lib_a-nano-mallocr.o)
                              /usr/lib/gcc/arm-none-eabi/9.2.1/../../../arm-none-eabi/lib/thumb/v7e-m+fp/hard/libc_nano.a(lib_a-nano-mallinfor.o) (__malloc_sbrk_start)
/usr/lib/gcc/arm-none-eabi/9.2.1/../../../arm-none-eabi/lib/thumb/v7e-m+fp/hard/libc_nano.a(lib_a-nano-malloptr.o)
                              /usr/lib/gcc/arm-none-eabi/9.2.1/../../../arm-none-eabi/lib/thumb/v7e-m+fp/hard/libc_nano.a(lib_a-mstats.o) (_mallopt_r)
/usr/lib/gcc/arm-none-eabi/9.2.1/../../../arm-none-eabi/lib/thumb/v7e-m+fp/hard/libc_nano.a(lib_a-nano-mallstatsr.o)
                              /usr/lib/gcc/arm-none-eabi/9.2.1/../../../arm-none-eabi/lib/thumb/v7e-m+fp/hard/libc_nano.a(lib_a-mstats.o) (_malloc_stats_r)
/usr/lib/gcc/arm-none-eabi/9.2.1/../../../arm-none-eabi/lib/thumb/v7e-m+fp/hard/libc_nano.a(lib_a-printf.o)
                              /home/aki/Desktop/TryNucleoCode/LedToggleWithButton/bin/nucleo-f767zi/application_press_button/main.o (printf)
/usr/lib/gcc/arm-none-eabi/9.2.1/../../../arm-none-eabi/lib/thumb/v7e-m+fp/hard/libc_nano.a(lib_a-puts.o)
                              /home/aki/Desktop/TryNucleoCode/LedToggleWithButton/bin/nucleo-f767zi/cortexm_common/vectors_cortexm.o (puts)
/usr/lib/gcc/arm-none-eabi/9.2.1/../../../arm-none-eabi/lib/thumb/v7e-m+fp/hard/libc_nano.a(lib_a-wbuf.o)
                              /usr/lib/gcc/arm-none-eabi/9.2.1/../../../arm-none-eabi/lib/thumb/v7e-m+fp/hard/libc_nano.a(lib_a-puts.o) (__swbuf_r)
/usr/lib/gcc/arm-none-eabi/9.2.1/../../../arm-none-eabi/lib/thumb/v7e-m+fp/hard/libc_nano.a(lib_a-wsetup.o)
                              /usr/lib/gcc/arm-none-eabi/9.2.1/../../../arm-none-eabi/lib/thumb/v7e-m+fp/hard/libc_nano.a(lib_a-puts.o) (__swsetup_r)
/usr/lib/gcc/arm-none-eabi/9.2.1/../../../arm-none-eabi/lib/thumb/v7e-m+fp/hard/libc_nano.a(lib_a-fflush.o)
                              /usr/lib/gcc/arm-none-eabi/9.2.1/../../../arm-none-eabi/lib/thumb/v7e-m+fp/hard/libc_nano.a(lib_a-wbuf.o) (_fflush_r)
/usr/lib/gcc/arm-none-eabi/9.2.1/../../../arm-none-eabi/lib/thumb/v7e-m+fp/hard/libc_nano.a(lib_a-findfp.o)
                              /usr/lib/gcc/arm-none-eabi/9.2.1/../../../arm-none-eabi/lib/thumb/v7e-m+fp/hard/libc_nano.a(lib_a-mstats.o) (__sinit)
/usr/lib/gcc/arm-none-eabi/9.2.1/../../../arm-none-eabi/lib/thumb/v7e-m+fp/hard/libc_nano.a(lib_a-fprintf.o)
                              /usr/lib/gcc/arm-none-eabi/9.2.1/../../../arm-none-eabi/lib/thumb/v7e-m+fp/hard/libc_nano.a(lib_a-mstats.o) (fiprintf)
/usr/lib/gcc/arm-none-eabi/9.2.1/../../../arm-none-eabi/lib/thumb/v7e-m+fp/hard/libc_nano.a(lib_a-fwalk.o)
[...]
Memory Configuration

Name             Origin             Length             Attributes
ccmram           0x0000000010000000 0x0000000000000000
rom              0x0000000008000000 0x0000000000200000 xr
ram              0x0000000020000000 0x0000000000080000 w !xr
bkup-ram         0x0000000000000000 0x0000000000000000 w !xr
*default*        0x0000000000000000 0xffffffffffffffff

Linker script and memory map

LOAD /home/aki/Desktop/TryNucleoCode/LedToggleWithButton/bin/nucleo-f767zi/application_press_button/main.o
LOAD /home/aki/Desktop/TryNucleoCode/LedToggleWithButton/bin/nucleo-f767zi/auto_init/auto_init.o
LOAD /home/aki/Desktop/TryNucleoCode/LedToggleWithButton/bin/nucleo-f767zi/boards_common_nucleo/board_common_nucleo_init.o
LOAD /home/aki/Desktop/TryNucleoCode/LedToggleWithButton/bin/nucleo-f767zi/core/assert.o
LOAD /home/aki/Desktop/TryNucleoCode/LedToggleWithButton/bin/nucleo-f767zi/core/atomic_c11.o
LOAD /home/aki/Desktop/TryNucleoCode/LedToggleWithButton/bin/nucleo-f767zi/core/atomic_sync.o
LOAD /home/aki/Desktop/TryNucleoCode/LedToggleWithButton/bin/nucleo-f767zi/core/bitarithm.o
LOAD /home/aki/Desktop/TryNucleoCode/LedToggleWithButton/bin/nucleo-f767zi/core/clist.o
LOAD /home/aki/Desktop/TryNucleoCode/LedToggleWithButton/bin/nucleo-f767zi/core/cond.o
LOAD /home/aki/Desktop/TryNucleoCode/LedToggleWithButton/bin/nucleo-f767zi/core/init.o
LOAD /home/aki/Desktop/TryNucleoCode/LedToggleWithButton/bin/nucleo-f767zi/core/lifo.o
LOAD /home/aki/Desktop/TryNucleoCode/LedToggleWithButton/bin/nucleo-f767zi/core/msg.o
LOAD /home/aki/Desktop/TryNucleoCode/LedToggleWithButton/bin/nucleo-f767zi/core/mutex.o
LOAD /home/aki/Desktop/TryNucleoCode/LedToggleWithButton/bin/nucleo-f767zi/core/panic.o
LOAD /home/aki/Desktop/TryNucleoCode/LedToggleWithButton/bin/nucleo-f767zi/core/priority_queue.o
LOAD /home/aki/Desktop/TryNucleoCode/LedToggleWithButton/bin/nucleo-f767zi/core/ringbuffer.o
LOAD /home/aki/Desktop/TryNucleoCode/LedToggleWithButton/bin/nucleo-f767zi/core/rmutex.o
LOAD /home/aki/Desktop/TryNucleoCode/LedToggleWithButton/bin/nucleo-f767zi/core/sched.o
LOAD /home/aki/Desktop/TryNucleoCode/LedToggleWithButton/bin/nucleo-f767zi/core/thread.o
LOAD /home/aki/Desktop/TryNucleoCode/LedToggleWithButton/bin/nucleo-f767zi/cortexm_common/cortexm_init.o
LOAD /home/aki/Desktop/TryNucleoCode/LedToggleWithButton/bin/nucleo-f767zi/cortexm_common/mpu.o
LOAD /home/aki/Desktop/TryNucleoCode/LedToggleWithButton/bin/nucleo-f767zi/cortexm_common/panic.o
LOAD /home/aki/Desktop/TryNucleoCode/LedToggleWithButton/bin/nucleo-f767zi/cortexm_common/thread_arch.o
LOAD /home/aki/Desktop/TryNucleoCode/LedToggleWithButton/bin/nucleo-f767zi/cortexm_common/vectors_cortexm.o
LOAD /home/aki/Desktop/TryNucleoCode/LedToggleWithButton/bin/nucleo-f767zi/cortexm_common_periph/pm.o
LOAD /home/aki/Desktop/TryNucleoCode/LedToggleWithButton/bin/nucleo-f767zi/cpu/cpu_common.o
LOAD /home/aki/Desktop/TryNucleoCode/LedToggleWithButton/bin/nucleo-f767zi/cpu/cpu_init.o
LOAD /home/aki/Desktop/TryNucleoCode/LedToggleWithButton/bin/nucleo-f767zi/newlib_syscalls_default/syscalls.o
LOAD /home/aki/Desktop/TryNucleoCode/LedToggleWithButton/bin/nucleo-f767zi/periph/gpio_all.o
LOAD /home/aki/Desktop/TryNucleoCode/LedToggleWithButton/bin/nucleo-f767zi/periph/pm.o
LOAD /home/aki/Desktop/TryNucleoCode/LedToggleWithButton/bin/nucleo-f767zi/periph/uart.o
LOAD /home/aki/Desktop/TryNucleoCode/LedToggleWithButton/bin/nucleo-f767zi/pm_layered/pm.o
LOAD /home/aki/Desktop/TryNucleoCode/LedToggleWithButton/bin/nucleo-f767zi/stdio_uart/stdio_uart.o
LOAD /home/aki/Desktop/TryNucleoCode/LedToggleWithButton/bin/nucleo-f767zi/stm32_clk/stmclk_common.o
LOAD /home/aki/Desktop/TryNucleoCode/LedToggleWithButton/bin/nucleo-f767zi/stm32_clk/stmclk_f2f4f7.o
LOAD /home/aki/Desktop/TryNucleoCode/LedToggleWithButton/bin/nucleo-f767zi/stm32_vectors/STM32F767xx.o
LOAD /home/aki/Desktop/TryNucleoCode/LedToggleWithButton/bin/nucleo-f767zi/periph_common/cpuid.o
LOAD /home/aki/Desktop/TryNucleoCode/LedToggleWithButton/bin/nucleo-f767zi/periph_common/eeprom.o
LOAD /home/aki/Desktop/TryNucleoCode/LedToggleWithButton/bin/nucleo-f767zi/periph_common/flashpage.o
LOAD /home/aki/Desktop/TryNucleoCode/LedToggleWithButton/bin/nucleo-f767zi/periph_common/gpio_util.o
LOAD /home/aki/Desktop/TryNucleoCode/LedToggleWithButton/bin/nucleo-f767zi/periph_common/i2c.o
LOAD /home/aki/Desktop/TryNucleoCode/LedToggleWithButton/bin/nucleo-f767zi/periph_common/init.o
LOAD /home/aki/Desktop/TryNucleoCode/LedToggleWithButton/bin/nucleo-f767zi/periph_common/pm.o
LOAD /home/aki/Desktop/TryNucleoCode/LedToggleWithButton/bin/nucleo-f767zi/periph_common/rtc.o
LOAD /home/aki/Desktop/TryNucleoCode/LedToggleWithButton/bin/nucleo-f767zi/periph_common/spi.o
LOAD /home/aki/Desktop/TryNucleoCode/LedToggleWithButton/bin/nucleo-f767zi/periph_common/timer.o
LOAD /usr/lib/gcc/arm-none-eabi/9.2.1/../../../arm-none-eabi/lib/thumb/v7e-m+fp/hard/libm.a
LOAD /usr/lib/gcc/arm-none-eabi/9.2.1/thumb/v7e-m+fp/hard/libgcc.a
                0x0000000008000000                _rom_start_addr = 0x8000000
                0x0000000020000000                _ram_start_addr = 0x20000000
                0x0000000000200000                _rom_length = 0x200000
                0x0000000000080000                _ram_length = 0x80000
LOAD /usr/lib/gcc/arm-none-eabi/9.2.1/../../../arm-none-eabi/lib/thumb/v7e-m+fp/hard/libc_nano.a
START GROUP
LOAD /usr/lib/gcc/arm-none-eabi/9.2.1/thumb/v7e-m+fp/hard/libgcc.a
LOAD /usr/lib/gcc/arm-none-eabi/9.2.1/../../../arm-none-eabi/lib/thumb/v7e-m+fp/hard/libg_nano.a
LOAD /usr/lib/gcc/arm-none-eabi/9.2.1/../../../arm-none-eabi/lib/thumb/v7e-m+fp/hard/libc_nano.a
END GROUP
START GROUP
LOAD /usr/lib/gcc/arm-none-eabi/9.2.1/thumb/v7e-m+fp/hard/libgcc.a
LOAD /usr/lib/gcc/arm-none-eabi/9.2.1/../../../arm-none-eabi/lib/thumb/v7e-m+fp/hard/libc_nano.a
END GROUP
                0x0000000000000000                ccmram_length = DEFINED (ccmram_len)?ccmram_len:0x0
                0x0000000000000000                _rom_offset = DEFINED (_rom_offset)?_rom_offset:0x0
                0x0000000000200000                _fw_rom_length = DEFINED (_fw_rom_length)?_fw_rom_length:(_rom_length - _rom_offset)
                0x0000000000000001                ASSERT ((_fw_rom_length <= (_rom_length - _rom_offset)), Specified firmware size does not fit in ROM)
                0x0000000000000000                _backup_ram_start_addr = DEFINED (_backup_ram_start_addr)?_backup_ram_start_addr:0x0
                0x0000000000000000                _backup_ram_len = DEFINED (_backup_ram_len)?_backup_ram_len:0x0

.text           0x0000000008000000     0x2d98
                0x0000000008000000                . = ALIGN (0x4)
                0x0000000008000000                _sfixed = .
                0x0000000008000000                _isr_vectors = DEFINED (_isr_vectors)?_isr_vectors:.
 *(SORT_BY_NAME(.vectors*))
 .vectors.0     0x0000000008000000       0x40 /home/aki/Desktop/TryNucleoCode/LedToggleWithButton/bin/nucleo-f767zi/cortexm_common/vectors_cortexm.o
                0x0000000008000000                cortex_vector_base
 .vectors.1     0x0000000008000040      0x1b8 /home/aki/Desktop/TryNucleoCode/LedToggleWithButton/bin/nucleo-f767zi/stm32_vectors/STM32F767xx.o
                0x0000000008000040                vector_cpu
 *(.text .text.* .gnu.linkonce.t.*)
 .text.gpio_falling
                0x00000000080001f8       0x24 /home/aki/Desktop/TryNucleoCode/LedToggleWithButton/bin/nucleo-f767zi/application_press_button/main.o
 .text.startup.main
                0x000000000800021c       0x54 /home/aki/Desktop/TryNucleoCode/LedToggleWithButton/bin/nucleo-f767zi/application_press_button/main.o
                0x000000000800021c                main
 .text.auto_init
                0x0000000008000270        0x2 /home/aki/Desktop/TryNucleoCode/LedToggleWithButton/bin/nucleo-f767zi/auto_init/auto_init.o
                0x0000000008000270                auto_init
 *fill*         0x0000000008000272        0x2 
 .text.board_common_nucleo_init
                0x0000000008000274       0x30 /home/aki/Desktop/TryNucleoCode/LedToggleWithButton/bin/nucleo-f767zi/boards_common_nucleo/board_common_nucleo_init.o
                0x0000000008000274                board_common_nucleo_init
 .text.board_init
                0x00000000080002a4        0x4 /home/aki/Desktop/TryNucleoCode/LedToggleWithButton/bin/nucleo-f767zi/boards_common_nucleo/board_common_nucleo_init.o
                0x00000000080002a4                board_init
 .text.main_trampoline
                0x00000000080002a8       0x18 /home/aki/Desktop/TryNucleoCode/LedToggleWithButton/bin/nucleo-f767zi/core/init.o
 .text.kernel_init
                0x00000000080002c0       0x34 /home/aki/Desktop/TryNucleoCode/LedToggleWithButton/bin/nucleo-f767zi/core/init.o
                0x00000000080002c0                kernel_init
 .text.panic_app
                0x00000000080002f4        0x2 /home/aki/Desktop/TryNucleoCode/LedToggleWithButton/bin/nucleo-f767zi/core/panic.o
                0x00000000080002f4                panic_app
 *fill*         0x00000000080002f6        0x2 
 .text.core_panic
                0x00000000080002f8       0x50 /home/aki/Desktop/TryNucleoCode/LedToggleWithButton/bin/nucleo-f767zi/core/panic.o
                0x00000000080002f8                core_panic
 .text.sched_run
                0x0000000008000348       0x88 /home/aki/Desktop/TryNucleoCode/LedToggleWithButton/bin/nucleo-f767zi/core/sched.o
                0x0000000008000348                sched_run
 .text.sched_set_status
                0x00000000080003d0       0x84 /home/aki/Desktop/TryNucleoCode/LedToggleWithButton/bin/nucleo-f767zi/core/sched.o
                0x00000000080003d0                sched_set_status
 .text.sched_switch
                0x0000000008000454       0x30 /home/aki/Desktop/TryNucleoCode/LedToggleWithButton/bin/nucleo-f767zi/core/sched.o
                0x0000000008000454                sched_switch
 .text.sched_task_exit
                0x0000000008000484       0x3c /home/aki/Desktop/TryNucleoCode/LedToggleWithButton/bin/nucleo-f767zi/core/sched.o
                0x0000000008000484                sched_task_exit
 .text.thread_getname
                0x00000000080004c0       0x1c /home/aki/Desktop/TryNucleoCode/LedToggleWithButton/bin/nucleo-f767zi/core/thread.o
                0x00000000080004c0                thread_getname
 .text.thread_create
                0x00000000080004dc       0xe8 /home/aki/Desktop/TryNucleoCode/LedToggleWithButton/bin/nucleo-f767zi/core/thread.o
                0x00000000080004dc                thread_create
 .text.cortexm_init
                0x00000000080005c4       0x4c /home/aki/Desktop/TryNucleoCode/LedToggleWithButton/bin/nucleo-f767zi/cortexm_common/cortexm_init.o
                0x00000000080005c4                cortexm_init
 .text.mpu_enable
                0x0000000008000610       0x20 /home/aki/Desktop/TryNucleoCode/LedToggleWithButton/bin/nucleo-f767zi/cortexm_common/mpu.o
                0x0000000008000610                mpu_enable
 .text.mpu_configure
                0x0000000008000630       0x18 /home/aki/Desktop/TryNucleoCode/LedToggleWithButton/bin/nucleo-f767zi/cortexm_common/mpu.o
                0x0000000008000630                mpu_configure
 .text.panic_arch
                0x0000000008000648       0x1c /home/aki/Desktop/TryNucleoCode/LedToggleWithButton/bin/nucleo-f767zi/cortexm_common/panic.o
                0x0000000008000648                panic_arch
 .text.thread_stack_init
                0x0000000008000664       0x68 /home/aki/Desktop/TryNucleoCode/LedToggleWithButton/bin/nucleo-f767zi/cortexm_common/thread_arch.o
                0x0000000008000664                thread_stack_init
 .text.cpu_switch_context_exit
                0x00000000080006cc        0x8 /home/aki/Desktop/TryNucleoCode/LedToggleWithButton/bin/nucleo-f767zi/cortexm_common/thread_arch.o
                0x00000000080006cc                cpu_switch_context_exit
 .text.thread_yield_higher
                0x00000000080006d4       0x14 /home/aki/Desktop/TryNucleoCode/LedToggleWithButton/bin/nucleo-f767zi/cortexm_common/thread_arch.o
                0x00000000080006d4                thread_yield_higher
 .text.isr_pendsv
                0x00000000080006e8       0x4c /home/aki/Desktop/TryNucleoCode/LedToggleWithButton/bin/nucleo-f767zi/cortexm_common/thread_arch.o
                0x00000000080006e8                isr_pendsv
 .text.isr_svc  0x0000000008000734       0x10 /home/aki/Desktop/TryNucleoCode/LedToggleWithButton/bin/nucleo-f767zi/cortexm_common/thread_arch.o
                0x0000000008000734                isr_svc
 .text.sched_arch_idle
                0x0000000008000744       0x10 /home/aki/Desktop/TryNucleoCode/LedToggleWithButton/bin/nucleo-f767zi/cortexm_common/thread_arch.o
                0x0000000008000744                sched_arch_idle
 .text.hard_fault_default
                0x0000000008000754       0x44 /home/aki/Desktop/TryNucleoCode/LedToggleWithButton/bin/nucleo-f767zi/cortexm_common/vectors_cortexm.o
                0x0000000008000754                hard_fault_default
 .text.nmi_default
                0x0000000008000798       0x10 /home/aki/Desktop/TryNucleoCode/LedToggleWithButton/bin/nucleo-f767zi/cortexm_common/vectors_cortexm.o
                0x0000000008000798                nmi_default
 .text.mem_manage_default
                0x00000000080007a8       0x10 /home/aki/Desktop/TryNucleoCode/LedToggleWithButton/bin/nucleo-f767zi/cortexm_common/vectors_cortexm.o
                0x00000000080007a8                mem_manage_default
 .text.bus_fault_default
                0x00000000080007b8       0x10 /home/aki/Desktop/TryNucleoCode/LedToggleWithButton/bin/nucleo-f767zi/cortexm_common/vectors_cortexm.o
                0x00000000080007b8                bus_fault_default
 .text.usage_fault_default
                0x00000000080007c8       0x10 /home/aki/Desktop/TryNucleoCode/LedToggleWithButton/bin/nucleo-f767zi/cortexm_common/vectors_cortexm.o
                0x00000000080007c8                usage_fault_default
 .text.debug_mon_default
                0x00000000080007d8       0x10 /home/aki/Desktop/TryNucleoCode/LedToggleWithButton/bin/nucleo-f767zi/cortexm_common/vectors_cortexm.o
                0x00000000080007d8                debug_mon_default
 .text.dummy_handler_default
                0x00000000080007e8       0x10 /home/aki/Desktop/TryNucleoCode/LedToggleWithButton/bin/nucleo-f767zi/cortexm_common/vectors_cortexm.o
                0x00000000080007e8                dummy_handler_default
                0x00000000080007e8                isr_systick
 .text.pre_startup
                0x00000000080007f8        0x2 /home/aki/Desktop/TryNucleoCode/LedToggleWithButton/bin/nucleo-f767zi/cortexm_common/vectors_cortexm.o
                0x00000000080007f8                pre_startup
 .text.post_startup
                0x00000000080007fa        0x2 /home/aki/Desktop/TryNucleoCode/LedToggleWithButton/bin/nucleo-f767zi/cortexm_common/vectors_cortexm.o
                0x00000000080007fa                post_startup
 .text.reset_handler_default
                0x00000000080007fc       0x84 /home/aki/Desktop/TryNucleoCode/LedToggleWithButton/bin/nucleo-f767zi/cortexm_common/vectors_cortexm.o
                0x00000000080007fc                reset_handler_default
 .text.hard_fault_handler
                0x0000000008000880      0x1dc /home/aki/Desktop/TryNucleoCode/LedToggleWithButton/bin/nucleo-f767zi/cortexm_common/vectors_cortexm.o
                0x0000000008000880                hard_fault_handler
 .text.periph_apb_clk
                0x0000000008000a5c       0x18 /home/aki/Desktop/TryNucleoCode/LedToggleWithButton/bin/nucleo-f767zi/cpu/cpu_common.o
                0x0000000008000a5c                periph_apb_clk
 .text.periph_clk_en
                0x0000000008000a74       0x48 /home/aki/Desktop/TryNucleoCode/LedToggleWithButton/bin/nucleo-f767zi/cpu/cpu_common.o
                0x0000000008000a74                periph_clk_en
 .text.cpu_init
                0x0000000008000abc       0x8c /home/aki/Desktop/TryNucleoCode/LedToggleWithButton/bin/nucleo-f767zi/cpu/cpu_init.o
                0x0000000008000abc                cpu_init
 .text._init    0x0000000008000b48        0x2 /home/aki/Desktop/TryNucleoCode/LedToggleWithButton/bin/nucleo-f767zi/newlib_syscalls_default/syscalls.o
                0x0000000008000b48                _init
 .text._fini    0x0000000008000b4a        0x2 /home/aki/Desktop/TryNucleoCode/LedToggleWithButton/bin/nucleo-f767zi/newlib_syscalls_default/syscalls.o
                0x0000000008000b4a                _fini
 .text._sbrk_r  0x0000000008000b4c       0x40 /home/aki/Desktop/TryNucleoCode/LedToggleWithButton/bin/nucleo-f767zi/newlib_syscalls_default/syscalls.o
                0x0000000008000b4c                _sbrk_r
 .text._read_r  0x0000000008000b8c        0x8 /home/aki/Desktop/TryNucleoCode/LedToggleWithButton/bin/nucleo-f767zi/newlib_syscalls_default/syscalls.o
                0x0000000008000b8c                _read_r
 .text._write_r
                0x0000000008000b94        0x8 /home/aki/Desktop/TryNucleoCode/LedToggleWithButton/bin/nucleo-f767zi/newlib_syscalls_default/syscalls.o
                0x0000000008000b94                _write_r
 .text._close_r
                0x0000000008000b9c        0xa /home/aki/Desktop/TryNucleoCode/LedToggleWithButton/bin/nucleo-f767zi/newlib_syscalls_default/syscalls.o
                0x0000000008000b9c                _close_r
 .text._lseek_r
                0x0000000008000ba6        0xa /home/aki/Desktop/TryNucleoCode/LedToggleWithButton/bin/nucleo-f767zi/newlib_syscalls_default/syscalls.o
                0x0000000008000ba6                _lseek_r
 .text._fstat_r
                0x0000000008000bb0        0xa /home/aki/Desktop/TryNucleoCode/LedToggleWithButton/bin/nucleo-f767zi/newlib_syscalls_default/syscalls.o
                0x0000000008000bb0                _fstat_r
 .text._isatty_r
                0x0000000008000bba       0x10 /home/aki/Desktop/TryNucleoCode/LedToggleWithButton/bin/nucleo-f767zi/newlib_syscalls_default/syscalls.o
                0x0000000008000bba                _isatty_r
 .text.gpio_init
                0x0000000008000bca       0x68 /home/aki/Desktop/TryNucleoCode/LedToggleWithButton/bin/nucleo-f767zi/periph/gpio_all.o
                0x0000000008000bca                gpio_init
 .text.gpio_init_af
                0x0000000008000c32       0x5a /home/aki/Desktop/TryNucleoCode/LedToggleWithButton/bin/nucleo-f767zi/periph/gpio_all.o
                0x0000000008000c32                gpio_init_af
 .text.gpio_init_int
                0x0000000008000c8c       0xc0 /home/aki/Desktop/TryNucleoCode/LedToggleWithButton/bin/nucleo-f767zi/periph/gpio_all.o
                0x0000000008000c8c                gpio_init_int
 .text.isr_exti
                0x0000000008000d4c       0x50 /home/aki/Desktop/TryNucleoCode/LedToggleWithButton/bin/nucleo-f767zi/periph/gpio_all.o
                0x0000000008000d4c                isr_exti
 .text.pm_set   0x0000000008000d9c       0x78 /home/aki/Desktop/TryNucleoCode/LedToggleWithButton/bin/nucleo-f767zi/periph/pm.o
                0x0000000008000d9c                pm_set
 .text.pm_off   0x0000000008000e14        0xc /home/aki/Desktop/TryNucleoCode/LedToggleWithButton/bin/nucleo-f767zi/periph/pm.o
                0x0000000008000e14                pm_off
 .text.uart_enable_clock
                0x0000000008000e20       0x30 /home/aki/Desktop/TryNucleoCode/LedToggleWithButton/bin/nucleo-f767zi/periph/uart.o
 .text.irq_handler
                0x0000000008000e50       0x4c /home/aki/Desktop/TryNucleoCode/LedToggleWithButton/bin/nucleo-f767zi/periph/uart.o
 .text.uart_init
                0x0000000008000e9c       0x9c /home/aki/Desktop/TryNucleoCode/LedToggleWithButton/bin/nucleo-f767zi/periph/uart.o
                0x0000000008000e9c                uart_init
 .text.uart_write
                0x0000000008000f38       0x40 /home/aki/Desktop/TryNucleoCode/LedToggleWithButton/bin/nucleo-f767zi/periph/uart.o
                0x0000000008000f38                uart_write
 .text.isr_usart3
                0x0000000008000f78        0x6 /home/aki/Desktop/TryNucleoCode/LedToggleWithButton/bin/nucleo-f767zi/periph/uart.o
                0x0000000008000f78                isr_usart3
 .text.isr_usart6
                0x0000000008000f7e        0x6 /home/aki/Desktop/TryNucleoCode/LedToggleWithButton/bin/nucleo-f767zi/periph/uart.o
                0x0000000008000f7e                isr_usart6
 .text.isr_usart2
                0x0000000008000f84        0x6 /home/aki/Desktop/TryNucleoCode/LedToggleWithButton/bin/nucleo-f767zi/periph/uart.o
                0x0000000008000f84                isr_usart2
 *fill*         0x0000000008000f8a        0x2 
 .text.pm_set_lowest
                0x0000000008000f8c       0x3c /home/aki/Desktop/TryNucleoCode/LedToggleWithButton/bin/nucleo-f767zi/pm_layered/pm.o
                0x0000000008000f8c                pm_set_lowest
 .text.pm_block
                0x0000000008000fc8       0x2c /home/aki/Desktop/TryNucleoCode/LedToggleWithButton/bin/nucleo-f767zi/pm_layered/pm.o
                0x0000000008000fc8                pm_block
 .text.stdio_init
                0x0000000008000ff4        0xe /home/aki/Desktop/TryNucleoCode/LedToggleWithButton/bin/nucleo-f767zi/stdio_uart/stdio_uart.o
                0x0000000008000ff4                stdio_init
 .text.stdio_read
                0x0000000008001002        0x6 /home/aki/Desktop/TryNucleoCode/LedToggleWithButton/bin/nucleo-f767zi/stdio_uart/stdio_uart.o
                0x0000000008001002                stdio_read
 .text.stdio_write
                0x0000000008001008       0x12 /home/aki/Desktop/TryNucleoCode/LedToggleWithButton/bin/nucleo-f767zi/stdio_uart/stdio_uart.o
                0x0000000008001008                stdio_write
 *fill*         0x000000000800101a        0x2 
 .text.stmclk_enable_hsi
                0x000000000800101c       0x18 /home/aki/Desktop/TryNucleoCode/LedToggleWithButton/bin/nucleo-f767zi/stm32_clk/stmclk_common.o
                0x000000000800101c                stmclk_enable_hsi
 .text.stmclk_disable_hsi
                0x0000000008001034       0x10 /home/aki/Desktop/TryNucleoCode/LedToggleWithButton/bin/nucleo-f767zi/stm32_clk/stmclk_common.o
                0x0000000008001034                stmclk_disable_hsi
 .text.stmclk_init_sysclk
                0x0000000008001044       0xa0 /home/aki/Desktop/TryNucleoCode/LedToggleWithButton/bin/nucleo-f767zi/stm32_clk/stmclk_f2f4f7.o
                0x0000000008001044                stmclk_init_sysclk
 .text.dummy_handler
                0x00000000080010e4        0x4 /home/aki/Desktop/TryNucleoCode/LedToggleWithButton/bin/nucleo-f767zi/stm32_vectors/STM32F767xx.o
                0x00000000080010e4                isr_dma2_stream4
                0x00000000080010e4                isr_pvd
                0x00000000080010e4                isr_rtc_wkup
                0x00000000080010e4                isr_spi5
                0x00000000080010e4                isr_ltdc_er
                0x00000000080010e4                isr_uart7
                0x00000000080010e4                isr_usart1
                0x00000000080010e4                isr_otg_hs_ep1_in
                0x00000000080010e4                isr_tim7
                0x00000000080010e4                isr_tim5
                0x00000000080010e4                isr_i2c1_ev
                0x00000000080010e4                isr_tim8_trg_com_tim14
                0x00000000080010e4                isr_sdmmc2
                0x00000000080010e4                isr_eth
                0x00000000080010e4                isr_dma2_stream0
                0x00000000080010e4                isr_tim4
                0x00000000080010e4                isr_can3_tx
                0x00000000080010e4                isr_can1_sce
                0x00000000080010e4                isr_dma2_stream6
                0x00000000080010e4                isr_spi6
                0x00000000080010e4                isr_otg_hs
                0x00000000080010e4                isr_dma1_stream1
                0x00000000080010e4                isr_i2c3_ev
                0x00000000080010e4                isr_can3_rx0
                0x00000000080010e4                isr_tim8_up_tim13
                0x00000000080010e4                isr_otg_hs_ep1_out
                0x00000000080010e4                isr_can2_sce
                0x00000000080010e4                isr_dma2_stream5
                0x00000000080010e4                isr_tim2
                0x00000000080010e4                isr_spdif_rx
                0x00000000080010e4                isr_spi2
                0x00000000080010e4                isr_tamp_stamp
                0x00000000080010e4                dummy_handler
                0x00000000080010e4                isr_otg_fs
                0x00000000080010e4                isr_can1_tx
                0x00000000080010e4                isr_can2_tx
                0x00000000080010e4                isr_dma1_stream7
                0x00000000080010e4                isr_dma1_stream6
                0x00000000080010e4                isr_adc
                0x00000000080010e4                isr_can1_rx1
                0x00000000080010e4                isr_dma2_stream3
                0x00000000080010e4                isr_i2c4_er
                0x00000000080010e4                isr_eth_wkup
                0x00000000080010e4                isr_spi1
                0x00000000080010e4                isr_lptim1
                0x00000000080010e4                isr_sai1
                0x00000000080010e4                isr_rcc
                0x00000000080010e4                isr_can2_rx0
                0x00000000080010e4                isr_flash
                0x00000000080010e4                isr_uart5
                0x00000000080010e4                isr_dma2_stream7
                0x00000000080010e4                isr_i2c3_er
                0x00000000080010e4                isr_fmc
                0x00000000080010e4                isr_can3_rx1
                0x00000000080010e4                isr_tim1_cc
                0x00000000080010e4                isr_dma1_stream4
                0x00000000080010e4                isr_spi4
                0x00000000080010e4                isr_tim6_dac
                0x00000000080010e4                isr_uart4
                0x00000000080010e4                isr_can3_sce
                0x00000000080010e4                isr_i2c2_er
                0x00000000080010e4                isr_ltdc
                0x00000000080010e4                isr_otg_fs_wkup
                0x00000000080010e4                isr_cec
                0x00000000080010e4                isr_dma1_stream0
                0x00000000080010e4                isr_dma1_stream5
                0x00000000080010e4                isr_spi3
                0x00000000080010e4                isr_mdios
                0x00000000080010e4                isr_can1_rx0
                0x00000000080010e4                isr_dma2_stream1
                0x00000000080010e4                isr_tim8_brk_tim12
                0x00000000080010e4                isr_tim3
                0x00000000080010e4                isr_i2c4_ev
                0x00000000080010e4                isr_sdmmc1
                0x00000000080010e4                isr_dma2_stream2
                0x00000000080010e4                isr_uart8
                0x00000000080010e4                isr_dma2d
                0x00000000080010e4                isr_fpu
                0x00000000080010e4                isr_tim1_brk_tim9
                0x00000000080010e4                isr_rng
                0x00000000080010e4                isr_sai2
                0x00000000080010e4                isr_tim1_up_tim10
                0x00000000080010e4                isr_jpeg
                0x00000000080010e4                isr_tim8_cc
                0x00000000080010e4                isr_i2c2_ev
                0x00000000080010e4                isr_rtc_alarm
                0x00000000080010e4                isr_quadspi
                0x00000000080010e4                isr_can2_rx1
                0x00000000080010e4                isr_dma1_stream3
                0x00000000080010e4                isr_dma1_stream2
                0x00000000080010e4                isr_tim1_trg_com_tim11
                0x00000000080010e4                isr_i2c1_er
                0x00000000080010e4                isr_dcmi
                0x00000000080010e4                isr_wwdg
                0x00000000080010e4                isr_otg_hs_wkup
 .text.periph_init
                0x00000000080010e8        0x2 /home/aki/Desktop/TryNucleoCode/LedToggleWithButton/bin/nucleo-f767zi/periph_common/init.o
                0x00000000080010e8                periph_init
 *fill*         0x00000000080010ea        0x2 
 .text          0x00000000080010ec       0x48 /usr/lib/gcc/arm-none-eabi/9.2.1/../../../arm-none-eabi/lib/thumb/v7e-m+fp/hard/libc_nano.a(lib_a-init.o)
                0x00000000080010ec                __libc_init_array
 .text          0x0000000008001134      0x134 /usr/lib/gcc/arm-none-eabi/9.2.1/../../../arm-none-eabi/lib/thumb/v7e-m+fp/hard/libc_nano.a(lib_a-memcpy.o)
                0x0000000008001134                memcpy
 .text          0x0000000008001268       0xa0 /usr/lib/gcc/arm-none-eabi/9.2.1/../../../arm-none-eabi/lib/thumb/v7e-m+fp/hard/libc_nano.a(lib_a-memset.o)
                0x0000000008001268                memset
 .text          0x0000000008001308       0xc8 /usr/lib/gcc/arm-none-eabi/9.2.1/../../../arm-none-eabi/lib/thumb/v7e-m+fp/hard/libc_nano.a(lib_a-nano-mallocr.o)
                0x0000000008001308                _malloc_r
 .text          0x00000000080013d0       0x68 /usr/lib/gcc/arm-none-eabi/9.2.1/../../../arm-none-eabi/lib/thumb/v7e-m+fp/hard/libc_nano.a(lib_a-printf.o)
                0x00000000080013d0                _printf_r
                0x00000000080013d0                _iprintf_r
                0x0000000008001400                printf
                0x0000000008001400                iprintf
 .text          0x0000000008001438       0xe8 /usr/lib/gcc/arm-none-eabi/9.2.1/../../../arm-none-eabi/lib/thumb/v7e-m+fp/hard/libc_nano.a(lib_a-puts.o)
                0x0000000008001438                _puts_r
                0x0000000008001510                puts
 .text          0x0000000008001520       0xc0 /usr/lib/gcc/arm-none-eabi/9.2.1/../../../arm-none-eabi/lib/thumb/v7e-m+fp/hard/libc_nano.a(lib_a-wbuf.o)
                0x0000000008001520                __swbuf_r
                0x00000000080015d0                __swbuf
 .text          0x00000000080015e0      0x100 /usr/lib/gcc/arm-none-eabi/9.2.1/../../../arm-none-eabi/lib/thumb/v7e-m+fp/hard/libc_nano.a(lib_a-wsetup.o)
                0x00000000080015e0                __swsetup_r
 .text          0x00000000080016e0      0x1b0 /usr/lib/gcc/arm-none-eabi/9.2.1/../../../arm-none-eabi/lib/thumb/v7e-m+fp/hard/libc_nano.a(lib_a-fflush.o)
                0x00000000080016e0                __sflush_r
                0x000000000800180c                _fflush_r
                0x000000000800186c                fflush
 .text          0x0000000008001890      0x210 /usr/lib/gcc/arm-none-eabi/9.2.1/../../../arm-none-eabi/lib/thumb/v7e-m+fp/hard/libc_nano.a(lib_a-findfp.o)
                0x0000000008001894                _cleanup_r
                0x00000000080018a4                __sfmoreglue
                0x00000000080018d4                __sfp
                0x0000000008001a4c                _cleanup
                0x0000000008001a60                __sinit
                0x0000000008001a68                __sfp_lock_acquire
                0x0000000008001a6c                __sfp_lock_release
                0x0000000008001a70                __sinit_lock_acquire
                0x0000000008001a74                __sinit_lock_release
                0x0000000008001a78                __fp_lock_all
                0x0000000008001a8c                __fp_unlock_all
 .text          0x0000000008001aa0       0xa0 /usr/lib/gcc/arm-none-eabi/9.2.1/../../../arm-none-eabi/lib/thumb/v7e-m+fp/hard/libc_nano.a(lib_a-fwalk.o)
                0x0000000008001aa0                _fwalk
                0x0000000008001aec                _fwalk_reent
 .text          0x0000000008001b40       0xf0 /usr/lib/gcc/arm-none-eabi/9.2.1/../../../arm-none-eabi/lib/thumb/v7e-m+fp/hard/libc_nano.a(lib_a-makebuf.o)
                0x0000000008001b40                __swhatbuf_r
                0x0000000008001b9c                __smakebuf_r
 .text          0x0000000008001c30        0x8 /usr/lib/gcc/arm-none-eabi/9.2.1/../../../arm-none-eabi/lib/thumb/v7e-m+fp/hard/libc_nano.a(lib_a-mlock.o)
                0x0000000008001c30                __malloc_lock
                0x0000000008001c34                __malloc_unlock
 .text          0x0000000008001c38       0xac /usr/lib/gcc/arm-none-eabi/9.2.1/../../../arm-none-eabi/lib/thumb/v7e-m+fp/hard/libc_nano.a(lib_a-nano-freer.o)
                0x0000000008001c38                _free_r
 .text          0x0000000008001ce4      0x364 /usr/lib/gcc/arm-none-eabi/9.2.1/../../../arm-none-eabi/lib/thumb/v7e-m+fp/hard/libc_nano.a(lib_a-nano-vfprintf.o)
                0x0000000008001d20                __sfputs_r
                0x0000000008001d50                __sprint_r
                0x0000000008001d6c                _vfiprintf_r
                0x0000000008001d6c                _vfprintf_r
                0x0000000008002030                vfiprintf
                0x0000000008002030                vfprintf
 .text          0x0000000008002048      0x3c4 /usr/lib/gcc/arm-none-eabi/9.2.1/../../../arm-none-eabi/lib/thumb/v7e-m+fp/hard/libc_nano.a(lib_a-nano-vfprintf_i.o)
                0x0000000008002048                _printf_common
                0x0000000008002174                _printf_i
 .text          0x000000000800240c       0x90 /usr/lib/gcc/arm-none-eabi/9.2.1/../../../arm-none-eabi/lib/thumb/v7e-m+fp/hard/libc_nano.a(lib_a-stdio.o)
                0x000000000800240c                __sread
                0x0000000008002430                __seofread
                0x0000000008002434                __swrite
                0x0000000008002474                __sseek
                0x0000000008002494                __sclose
 .text          0x000000000800249c      0x308 /usr/lib/gcc/arm-none-eabi/9.2.1/../../../arm-none-eabi/lib/thumb/v7e-m+fp/hard/libc_nano.a(lib_a-fvwrite.o)
                0x000000000800249c                __sfvwrite_r
 *fill*         0x00000000080027a4        0xc 
 .text          0x00000000080027b0       0xa0 /usr/lib/gcc/arm-none-eabi/9.2.1/../../../arm-none-eabi/lib/thumb/v7e-m+fp/hard/libc_nano.a(lib_a-memchr.o)
                0x00000000080027b0                memchr
 .text          0x0000000008002850       0xd0 /usr/lib/gcc/arm-none-eabi/9.2.1/../../../arm-none-eabi/lib/thumb/v7e-m+fp/hard/libc_nano.a(lib_a-memmove.o)
                0x0000000008002850                memmove
 .text          0x0000000008002920       0x4c /usr/lib/gcc/arm-none-eabi/9.2.1/../../../arm-none-eabi/lib/thumb/v7e-m+fp/hard/libc_nano.a(lib_a-nano-reallocr.o)
                0x0000000008002920                _realloc_r
 .text          0x000000000800296c       0x10 /usr/lib/gcc/arm-none-eabi/9.2.1/../../../arm-none-eabi/lib/thumb/v7e-m+fp/hard/libc_nano.a(lib_a-nano-msizer.o)
                0x000000000800296c                _malloc_usable_size_r
 *(.glue_7t)
 .glue_7t       0x000000000800297c        0x0 linker stubs
 *(.glue_7)
 .glue_7        0x000000000800297c        0x0 linker stubs
 *(.rodata .rodata* .gnu.linkonce.r.*)
 .rodata.gpio_falling.str1.1
                0x000000000800297c        0x8 /home/aki/Desktop/TryNucleoCode/LedToggleWithButton/bin/nucleo-f767zi/application_press_button/main.o
 .rodata.main.str1.1
                0x0000000008002984       0x10 /home/aki/Desktop/TryNucleoCode/LedToggleWithButton/bin/nucleo-f767zi/application_press_button/main.o
 .rodata.main_trampoline.str1.1
                0x0000000008002994       0x3c /home/aki/Desktop/TryNucleoCode/LedToggleWithButton/bin/nucleo-f767zi/core/init.o
 .rodata.kernel_init.str1.1
                0x00000000080029d0        0x5 /home/aki/Desktop/TryNucleoCode/LedToggleWithButton/bin/nucleo-f767zi/core/init.o
 .rodata.core_panic.str1.1
                0x00000000080029d5       0x2e /home/aki/Desktop/TryNucleoCode/LedToggleWithButton/bin/nucleo-f767zi/core/panic.o
 .rodata.assert_crash_message
                0x0000000008002a03       0x12 /home/aki/Desktop/TryNucleoCode/LedToggleWithButton/bin/nucleo-f767zi/core/panic.o
                0x0000000008002a03                assert_crash_message
 .rodata.panic_arch.str1.1
                0x0000000008002a15        0xf /home/aki/Desktop/TryNucleoCode/LedToggleWithButton/bin/nucleo-f767zi/cortexm_common/panic.o
 .rodata.nmi_default.str1.1
                0x0000000008002a24        0xc /home/aki/Desktop/TryNucleoCode/LedToggleWithButton/bin/nucleo-f767zi/cortexm_common/vectors_cortexm.o
 .rodata.mem_manage_default.str1.1
                0x0000000008002a30       0x13 /home/aki/Desktop/TryNucleoCode/LedToggleWithButton/bin/nucleo-f767zi/cortexm_common/vectors_cortexm.o
 .rodata.bus_fault_default.str1.1
                0x0000000008002a43       0x12 /home/aki/Desktop/TryNucleoCode/LedToggleWithButton/bin/nucleo-f767zi/cortexm_common/vectors_cortexm.o
 .rodata.usage_fault_default.str1.1
                0x0000000008002a55       0x14 /home/aki/Desktop/TryNucleoCode/LedToggleWithButton/bin/nucleo-f767zi/cortexm_common/vectors_cortexm.o
 .rodata.debug_mon_default.str1.1
                0x0000000008002a69       0x12 /home/aki/Desktop/TryNucleoCode/LedToggleWithButton/bin/nucleo-f767zi/cortexm_common/vectors_cortexm.o
 .rodata.dummy_handler_default.str1.1
                0x0000000008002a7b        0xe /home/aki/Desktop/TryNucleoCode/LedToggleWithButton/bin/nucleo-f767zi/cortexm_common/vectors_cortexm.o
 .rodata.hard_fault_handler.str1.1
                0x0000000008002a89      0x233 /home/aki/Desktop/TryNucleoCode/LedToggleWithButton/bin/nucleo-f767zi/cortexm_common/vectors_cortexm.o
 .rodata.uart_config
                0x0000000008002cbc       0x3c /home/aki/Desktop/TryNucleoCode/LedToggleWithButton/bin/nucleo-f767zi/periph/uart.o
 .rodata        0x0000000008002cf8        0x4 /usr/lib/gcc/arm-none-eabi/9.2.1/../../../arm-none-eabi/lib/thumb/v7e-m+fp/hard/libc_nano.a(lib_a-impure.o)
                0x0000000008002cf8                _global_impure_ptr
 .rodata        0x0000000008002cfc       0x60 /usr/lib/gcc/arm-none-eabi/9.2.1/../../../arm-none-eabi/lib/thumb/v7e-m+fp/hard/libc_nano.a(lib_a-findfp.o)
                0x0000000008002cfc                __sf_fake_stderr
                0x0000000008002d1c                __sf_fake_stdout
                0x0000000008002d3c                __sf_fake_stdin
 .rodata.str1.4
                0x0000000008002d5c       0x13 /usr/lib/gcc/arm-none-eabi/9.2.1/../../../arm-none-eabi/lib/thumb/v7e-m+fp/hard/libc_nano.a(lib_a-nano-vfprintf.o)
 *fill*         0x0000000008002d6f        0x1 
 .rodata.str1.4
                0x0000000008002d70       0x25 /usr/lib/gcc/arm-none-eabi/9.2.1/../../../arm-none-eabi/lib/thumb/v7e-m+fp/hard/libc_nano.a(lib_a-nano-vfprintf_i.o)
 *(.ARM.extab* .gnu.linkonce.armextab.*)
                0x0000000008002d98                . = ALIGN (0x4)
 *fill*         0x0000000008002d95        0x3 
 *(.init)
                0x0000000008002d98                . = ALIGN (0x4)
                0x0000000008002d98                __preinit_array_start = .
 *(.preinit_array)
                0x0000000008002d98                __preinit_array_end = .
                0x0000000008002d98                . = ALIGN (0x4)
                0x0000000008002d98                __init_array_start = .
 *(SORT_BY_NAME(.init_array.*))
 *(.init_array)
                0x0000000008002d98                __init_array_end = .
                0x0000000008002d98                . = ALIGN (0x4)
 *crtbegin.o(.ctors)
 *(EXCLUDE_FILE(*crtend.o) .ctors)
 *(SORT_BY_NAME(.ctors.*))
 *crtend.o(.ctors)
                0x0000000008002d98                . = ALIGN (0x4)
 *(.fini)
                0x0000000008002d98                . = ALIGN (0x4)
                0x0000000008002d98                __fini_array_start = .
 *(.fini_array)
 *(SORT_BY_NAME(.fini_array.*))
                0x0000000008002d98                __fini_array_end = .
 *crtbegin.o(.dtors)
 *(EXCLUDE_FILE(*crtend.o) .dtors)
 *(SORT_BY_NAME(.dtors.*))
 *crtend.o(.dtors)
                0x0000000008002d98                . = ALIGN (0x4)
                0x0000000008002d98                _efixed = .

.vfp11_veneer   0x0000000008002d98        0x0
 .vfp11_veneer  0x0000000008002d98        0x0 linker stubs

.v4_bx          0x0000000008002d98        0x0
 .v4_bx         0x0000000008002d98        0x0 linker stubs

.iplt           0x0000000008002d98        0x0
 .iplt          0x0000000008002d98        0x0 /home/aki/Desktop/TryNucleoCode/LedToggleWithButton/bin/nucleo-f767zi/application_press_button/main.o

.igot.plt       0x0000000008002d98        0x0
 .igot.plt      0x0000000008002d98        0x0 /home/aki/Desktop/TryNucleoCode/LedToggleWithButton/bin/nucleo-f767zi/application_press_button/main.o

.rel.dyn        0x0000000008002d98        0x0
 .rel.iplt      0x0000000008002d98        0x0 /home/aki/Desktop/TryNucleoCode/LedToggleWithButton/bin/nucleo-f767zi/application_press_button/main.o

.tdata          0x0000000008002d98        0x0
                0x0000000008002d98                __tdata_start = .
 *(.tdata .tdata.* .gnu.linkonce.td.*)
                0x0000000008002d98                __tdata_end = .
                0x0000000008002d98                __tdata_source = LOADADDR (.tdata)
                0x0000000000000000                __tdata_size = SIZEOF (.tdata)

.tbss           0x0000000008002d98        0x0
 *(.tbss .tbss.* .gnu.linkonce.tb.*)
 *(.tcommon)
                0x0000000008002d98                __tbss_end = .
                0x0000000000000000                __tls_size = (__tbss_end - __tdata_start)
                0x0000000000000000                __tbss_size = (__tls_size - __tdata_size)
                [!provide]                        PROVIDE (__exidx_start = .)

.ARM.exidx
 *(.ARM.exidx* .gnu.linkonce.armexidx.*)
                [!provide]                        PROVIDE (__exidx_end = .)
                0x0000000008002d98                . = ALIGN (0x4)

.eh_frame
 *(.eh_frame)
                0x0000000008002d98                . = ALIGN (0x4)
                0x0000000008002d98                _etext = .

.stack          0x0000000020000000      0x200
 *(.puf)
                0x0000000020000000                . = ALIGN (0x8)
                0x0000000020000000                _sstack = .
 *(.isr_stack)
 .isr_stack     0x0000000020000000      0x200 /home/aki/Desktop/TryNucleoCode/LedToggleWithButton/bin/nucleo-f767zi/cortexm_common/vectors_cortexm.o
                0x0000000020000000                isr_stack
                0x0000000020000200                . = ALIGN (0x8)
                0x0000000020000200                _estack = .

.relocate       0x0000000020000200       0x70 load address 0x0000000008002d98
                0x0000000020000200                . = ALIGN (0x4)
                0x0000000020000200                _srelocate = .
 *(.ramfunc .ramfunc.*)
 *(.data .data.*)
 .data.heap_top
                0x0000000020000200        0x4 /home/aki/Desktop/TryNucleoCode/LedToggleWithButton/bin/nucleo-f767zi/newlib_syscalls_default/syscalls.o
 .data.pm_blocker
                0x0000000020000204        0x4 /home/aki/Desktop/TryNucleoCode/LedToggleWithButton/bin/nucleo-f767zi/pm_layered/pm.o
 .data          0x0000000020000208       0x64 /usr/lib/gcc/arm-none-eabi/9.2.1/../../../arm-none-eabi/lib/thumb/v7e-m+fp/hard/libc_nano.a(lib_a-impure.o)
                0x0000000020000208                _impure_ptr
 *(.openocd .openocd.*)
 .openocd       0x000000002000026c        0x2 /home/aki/Desktop/TryNucleoCode/LedToggleWithButton/bin/nucleo-f767zi/core/sched.o
                0x000000002000026c                _tcb_name_offset
                0x000000002000026d                max_threads
                0x0000000020000270                . = ALIGN (0x4)
 *fill*         0x000000002000026e        0x2 
                0x0000000020000270                _erelocate = .

.bss            0x0000000020000270      0x78c load address 0x0000000008002e08
                0x0000000020000270                . = ALIGN (0x4)
                0x0000000020000270                _sbss = .
                0x0000000020000270                _szero = .
 *(.bss .bss.*)
 .bss.cpt       0x0000000020000270        0x4 /home/aki/Desktop/TryNucleoCode/LedToggleWithButton/bin/nucleo-f767zi/application_press_button/main.o
                0x0000000020000270                cpt
 .bss.main_stack
                0x0000000020000274      0x600 /home/aki/Desktop/TryNucleoCode/LedToggleWithButton/bin/nucleo-f767zi/core/init.o
 .bss.crashed   0x0000000020000874        0x4 /home/aki/Desktop/TryNucleoCode/LedToggleWithButton/bin/nucleo-f767zi/core/panic.o
 .bss.runqueue_bitcache
                0x0000000020000878        0x4 /home/aki/Desktop/TryNucleoCode/LedToggleWithButton/bin/nucleo-f767zi/core/sched.o
 .bss.sched_active_pid
                0x000000002000087c        0x2 /home/aki/Desktop/TryNucleoCode/LedToggleWithButton/bin/nucleo-f767zi/core/sched.o
                0x000000002000087c                sched_active_pid
 *fill*         0x000000002000087e        0x2 
 .bss.sched_active_thread
                0x0000000020000880        0x4 /home/aki/Desktop/TryNucleoCode/LedToggleWithButton/bin/nucleo-f767zi/core/sched.o
                0x0000000020000880                sched_active_thread
 .bss.sched_context_switch_request
                0x0000000020000884        0x4 /home/aki/Desktop/TryNucleoCode/LedToggleWithButton/bin/nucleo-f767zi/core/sched.o
                0x0000000020000884                sched_context_switch_request
 .bss.sched_num_threads
                0x0000000020000888        0x4 /home/aki/Desktop/TryNucleoCode/LedToggleWithButton/bin/nucleo-f767zi/core/sched.o
                0x0000000020000888                sched_num_threads
 .bss.sched_runqueues
                0x000000002000088c       0x40 /home/aki/Desktop/TryNucleoCode/LedToggleWithButton/bin/nucleo-f767zi/core/sched.o
                0x000000002000088c                sched_runqueues
 .bss.sched_threads
                0x00000000200008cc       0x84 /home/aki/Desktop/TryNucleoCode/LedToggleWithButton/bin/nucleo-f767zi/core/sched.o
                0x00000000200008cc                sched_threads
 .bss.isr_ctx   0x0000000020000950       0x80 /home/aki/Desktop/TryNucleoCode/LedToggleWithButton/bin/nucleo-f767zi/periph/gpio_all.o
 .bss.isr_ctx   0x00000000200009d0       0x24 /home/aki/Desktop/TryNucleoCode/LedToggleWithButton/bin/nucleo-f767zi/periph/uart.o
 .bss           0x00000000200009f4        0x8 /usr/lib/gcc/arm-none-eabi/9.2.1/../../../arm-none-eabi/lib/thumb/v7e-m+fp/hard/libc_nano.a(lib_a-nano-mallocr.o)
                0x00000000200009f4                __malloc_free_list
                0x00000000200009f8                __malloc_sbrk_start
 *(COMMON)
                0x00000000200009fc                . = ALIGN (0x4)
                0x00000000200009fc                _ebss = .
                0x00000000200009fc                _ezero = .

.noinit         0x00000000200009fc        0x0 load address 0x0000000008002e08
                0x00000000200009fc                __noinit_start = .
 *(.noinit)
                0x00000000200009fc                . = ALIGN (0x4)
                0x00000000200009fc                __noinit_end = .
                0x00000000200009fc                . = ALIGN (0x4)
                0x00000000200009fc                _sheap = .
                0x0000000020080000                _eheap = (ORIGIN (ram) + LENGTH (ram))
                0x0000000020000000                _sram = ORIGIN (ram)
                0x0000000020080000                _eram = (ORIGIN (ram) + LENGTH (ram))
                0x0000000008002e08                _sbackup_data_load = LOADADDR (.backup.data)

.backup.data    0x0000000000000000        0x0 load address 0x0000000008002e08
                0x0000000000000000                _sbackup_data = .
 *(.backup.data)
                0x0000000000000000                _ebackup_data = .
                0x0000000000000000                . = ALIGN (0x4)

.backup.bss     0x0000000000000000        0x0 load address 0x0000000008002e08
                0x0000000000000000                _sbackup_bss = .
 *(.backup.bss)
                0x0000000000000000                _ebackup_bss = .
                0x0000000000000000                . = ALIGN (0x4)

.heap3          0x0000000000000000        0x0 load address 0x0000000008002e08
                0x0000000000000000                _sheap1 = .
                0x0000000000000000                _eheap1 = (ORIGIN (bkup-ram) + LENGTH (bkup-ram))
OUTPUT(/home/aki/Desktop/TryNucleoCode/LedToggleWithButton/bin/nucleo-f767zi/press_button.elf elf32-littlearm)
LOAD linker stubs

.debug_info     0x0000000000000000    0x33527
 .debug_info    0x0000000000000000     0x1922 /home/aki/Desktop/TryNucleoCode/LedToggleWithButton/bin/nucleo-f767zi/application_press_button/main.o
 .debug_info    0x0000000000001922      0xba4 /home/aki/Desktop/TryNucleoCode/LedToggleWithButton/bin/nucleo-f767zi/auto_init/auto_init.o
 .debug_info    0x00000000000024c6     0x17c3 /home/aki/Desktop/TryNucleoCode/LedToggleWithButton/bin/nucleo-f767zi/boards_common_nucleo/board_common_nucleo_init.o
 .debug_info    0x0000000000003c89      0xe89 /home/aki/Desktop/TryNucleoCode/LedToggleWithButton/bin/nucleo-f767zi/core/init.o
 .debug_info    0x0000000000004b12      0xf04 /home/aki/Desktop/TryNucleoCode/LedToggleWithButton/bin/nucleo-f767zi/core/panic.o
 .debug_info    0x0000000000005a16     0x13e9 /home/aki/Desktop/TryNucleoCode/LedToggleWithButton/bin/nucleo-f767zi/core/sched.o
 .debug_info    0x0000000000006dff     0x1bb3 /home/aki/Desktop/TryNucleoCode/LedToggleWithButton/bin/nucleo-f767zi/core/thread.o
 .debug_info    0x00000000000089b2     0x169c /home/aki/Desktop/TryNucleoCode/LedToggleWithButton/bin/nucleo-f767zi/cortexm_common/cortexm_init.o
 .debug_info    0x000000000000a04e     0x118a /home/aki/Desktop/TryNucleoCode/LedToggleWithButton/bin/nucleo-f767zi/cortexm_common/mpu.o
 .debug_info    0x000000000000b1d8      0xd64 /home/aki/Desktop/TryNucleoCode/LedToggleWithButton/bin/nucleo-f767zi/cortexm_common/panic.o
 .debug_info    0x000000000000bf3c     0x146e /home/aki/Desktop/TryNucleoCode/LedToggleWithButton/bin/nucleo-f767zi/cortexm_common/thread_arch.o
 .debug_info    0x000000000000d3aa     0x247b /home/aki/Desktop/TryNucleoCode/LedToggleWithButton/bin/nucleo-f767zi/cortexm_common/vectors_cortexm.o
 .debug_info    0x000000000000f825     0x1a86 /home/aki/Desktop/TryNucleoCode/LedToggleWithButton/bin/nucleo-f767zi/cpu/cpu_common.o
 .debug_info    0x00000000000112ab     0x1b09 /home/aki/Desktop/TryNucleoCode/LedToggleWithButton/bin/nucleo-f767zi/cpu/cpu_init.o
 .debug_info    0x0000000000012db4     0x237e /home/aki/Desktop/TryNucleoCode/LedToggleWithButton/bin/nucleo-f767zi/newlib_syscalls_default/syscalls.o
 .debug_info    0x0000000000015132     0x2707 /home/aki/Desktop/TryNucleoCode/LedToggleWithButton/bin/nucleo-f767zi/periph/gpio_all.o
 .debug_info    0x0000000000017839     0x12ae /home/aki/Desktop/TryNucleoCode/LedToggleWithButton/bin/nucleo-f767zi/periph/pm.o
 .debug_info    0x0000000000018ae7     0x2315 /home/aki/Desktop/TryNucleoCode/LedToggleWithButton/bin/nucleo-f767zi/periph/uart.o
 .debug_info    0x000000000001adfc     0x121d /home/aki/Desktop/TryNucleoCode/LedToggleWithButton/bin/nucleo-f767zi/pm_layered/pm.o
 .debug_info    0x000000000001c019     0x1864 /home/aki/Desktop/TryNucleoCode/LedToggleWithButton/bin/nucleo-f767zi/stdio_uart/stdio_uart.o
 .debug_info    0x000000000001d87d     0x1975 /home/aki/Desktop/TryNucleoCode/LedToggleWithButton/bin/nucleo-f767zi/stm32_clk/stmclk_common.o
 .debug_info    0x000000000001f1f2     0x1b3a /home/aki/Desktop/TryNucleoCode/LedToggleWithButton/bin/nucleo-f767zi/stm32_clk/stmclk_f2f4f7.o
 .debug_info    0x0000000000020d2c      0x3c0 /home/aki/Desktop/TryNucleoCode/LedToggleWithButton/bin/nucleo-f767zi/stm32_vectors/STM32F767xx.o
 .debug_info    0x00000000000210ec      0xc87 /home/aki/Desktop/TryNucleoCode/LedToggleWithButton/bin/nucleo-f767zi/periph_common/init.o
 .debug_info    0x0000000000021d73      0x92a /usr/lib/gcc/arm-none-eabi/9.2.1/../../../arm-none-eabi/lib/thumb/v7e-m+fp/hard/libc_nano.a(lib_a-impure.o)
 .debug_info    0x000000000002269d      0x11a /usr/lib/gcc/arm-none-eabi/9.2.1/../../../arm-none-eabi/lib/thumb/v7e-m+fp/hard/libc_nano.a(lib_a-init.o)
 .debug_info    0x00000000000227b7       0x26 /usr/lib/gcc/arm-none-eabi/9.2.1/../../../arm-none-eabi/lib/thumb/v7e-m+fp/hard/libc_nano.a(lib_a-memcpy.o)
 .debug_info    0x00000000000227dd      0xf21 /usr/lib/gcc/arm-none-eabi/9.2.1/../../../arm-none-eabi/lib/thumb/v7e-m+fp/hard/libc_nano.a(lib_a-memset.o)
 .debug_info    0x00000000000236fe      0xc5a /usr/lib/gcc/arm-none-eabi/9.2.1/../../../arm-none-eabi/lib/thumb/v7e-m+fp/hard/libc_nano.a(lib_a-nano-mallocr.o)
 .debug_info    0x0000000000024358      0xc67 /usr/lib/gcc/arm-none-eabi/9.2.1/../../../arm-none-eabi/lib/thumb/v7e-m+fp/hard/libc_nano.a(lib_a-printf.o)
 .debug_info    0x0000000000024fbf      0xd13 /usr/lib/gcc/arm-none-eabi/9.2.1/../../../arm-none-eabi/lib/thumb/v7e-m+fp/hard/libc_nano.a(lib_a-puts.o)
 .debug_info    0x0000000000025cd2      0xc90 /usr/lib/gcc/arm-none-eabi/9.2.1/../../../arm-none-eabi/lib/thumb/v7e-m+fp/hard/libc_nano.a(lib_a-wbuf.o)
 .debug_info    0x0000000000026962      0xbfa /usr/lib/gcc/arm-none-eabi/9.2.1/../../../arm-none-eabi/lib/thumb/v7e-m+fp/hard/libc_nano.a(lib_a-wsetup.o)
 .debug_info    0x000000000002755c      0xd73 /usr/lib/gcc/arm-none-eabi/9.2.1/../../../arm-none-eabi/lib/thumb/v7e-m+fp/hard/libc_nano.a(lib_a-fflush.o)
 .debug_info    0x00000000000282cf     0x11a8 /usr/lib/gcc/arm-none-eabi/9.2.1/../../../arm-none-eabi/lib/thumb/v7e-m+fp/hard/libc_nano.a(lib_a-findfp.o)
 .debug_info    0x0000000000029477      0xca4 /usr/lib/gcc/arm-none-eabi/9.2.1/../../../arm-none-eabi/lib/thumb/v7e-m+fp/hard/libc_nano.a(lib_a-fwalk.o)
 .debug_info    0x000000000002a11b      0xf68 /usr/lib/gcc/arm-none-eabi/9.2.1/../../../arm-none-eabi/lib/thumb/v7e-m+fp/hard/libc_nano.a(lib_a-makebuf.o)
 .debug_info    0x000000000002b083      0x961 /usr/lib/gcc/arm-none-eabi/9.2.1/../../../arm-none-eabi/lib/thumb/v7e-m+fp/hard/libc_nano.a(lib_a-mlock.o)
 .debug_info    0x000000000002b9e4      0xb85 /usr/lib/gcc/arm-none-eabi/9.2.1/../../../arm-none-eabi/lib/thumb/v7e-m+fp/hard/libc_nano.a(lib_a-nano-freer.o)
 .debug_info    0x000000000002c569     0x176a /usr/lib/gcc/arm-none-eabi/9.2.1/../../../arm-none-eabi/lib/thumb/v7e-m+fp/hard/libc_nano.a(lib_a-nano-vfprintf.o)
 .debug_info    0x000000000002dcd3     0x1592 /usr/lib/gcc/arm-none-eabi/9.2.1/../../../arm-none-eabi/lib/thumb/v7e-m+fp/hard/libc_nano.a(lib_a-nano-vfprintf_i.o)
 .debug_info    0x000000000002f265      0xe67 /usr/lib/gcc/arm-none-eabi/9.2.1/../../../arm-none-eabi/lib/thumb/v7e-m+fp/hard/libc_nano.a(lib_a-stdio.o)
 .debug_info    0x00000000000300cc      0xeed /usr/lib/gcc/arm-none-eabi/9.2.1/../../../arm-none-eabi/lib/thumb/v7e-m+fp/hard/libc_nano.a(lib_a-fvwrite.o)
 .debug_info    0x0000000000030fb9       0x26 /usr/lib/gcc/arm-none-eabi/9.2.1/../../../arm-none-eabi/lib/thumb/v7e-m+fp/hard/libc_nano.a(lib_a-memchr.o)
 .debug_info    0x0000000000030fdf      0xf2b /usr/lib/gcc/arm-none-eabi/9.2.1/../../../arm-none-eabi/lib/thumb/v7e-m+fp/hard/libc_nano.a(lib_a-memmove.o)
 .debug_info    0x0000000000031f0a      0xb77 /usr/lib/gcc/arm-none-eabi/9.2.1/../../../arm-none-eabi/lib/thumb/v7e-m+fp/hard/libc_nano.a(lib_a-nano-reallocr.o)
 .debug_info    0x0000000000032a81      0xaa6 /usr/lib/gcc/arm-none-eabi/9.2.1/../../../arm-none-eabi/lib/thumb/v7e-m+fp/hard/libc_nano.a(lib_a-nano-msizer.o)

.debug_abbrev   0x0000000000000000     0x8935
 .debug_abbrev  0x0000000000000000      0x359 /home/aki/Desktop/TryNucleoCode/LedToggleWithButton/bin/nucleo-f767zi/application_press_button/main.o
 .debug_abbrev  0x0000000000000359      0x1e7 /home/aki/Desktop/TryNucleoCode/LedToggleWithButton/bin/nucleo-f767zi/auto_init/auto_init.o
 .debug_abbrev  0x0000000000000540      0x311 /home/aki/Desktop/TryNucleoCode/LedToggleWithButton/bin/nucleo-f767zi/boards_common_nucleo/board_common_nucleo_init.o
 .debug_abbrev  0x0000000000000851      0x32c /home/aki/Desktop/TryNucleoCode/LedToggleWithButton/bin/nucleo-f767zi/core/init.o
 .debug_abbrev  0x0000000000000b7d      0x364 /home/aki/Desktop/TryNucleoCode/LedToggleWithButton/bin/nucleo-f767zi/core/panic.o
 .debug_abbrev  0x0000000000000ee1      0x476 /home/aki/Desktop/TryNucleoCode/LedToggleWithButton/bin/nucleo-f767zi/core/sched.o
 .debug_abbrev  0x0000000000001357      0x4d9 /home/aki/Desktop/TryNucleoCode/LedToggleWithButton/bin/nucleo-f767zi/core/thread.o
 .debug_abbrev  0x0000000000001830      0x3bc /home/aki/Desktop/TryNucleoCode/LedToggleWithButton/bin/nucleo-f767zi/cortexm_common/cortexm_init.o
 .debug_abbrev  0x0000000000001bec      0x2cd /home/aki/Desktop/TryNucleoCode/LedToggleWithButton/bin/nucleo-f767zi/cortexm_common/mpu.o
 .debug_abbrev  0x0000000000001eb9      0x2fe /home/aki/Desktop/TryNucleoCode/LedToggleWithButton/bin/nucleo-f767zi/cortexm_common/panic.o
 .debug_abbrev  0x00000000000021b7      0x487 /home/aki/Desktop/TryNucleoCode/LedToggleWithButton/bin/nucleo-f767zi/cortexm_common/thread_arch.o
 .debug_abbrev  0x000000000000263e      0x507 /home/aki/Desktop/TryNucleoCode/LedToggleWithButton/bin/nucleo-f767zi/cortexm_common/vectors_cortexm.o
 .debug_abbrev  0x0000000000002b45      0x3d0 /home/aki/Desktop/TryNucleoCode/LedToggleWithButton/bin/nucleo-f767zi/cpu/cpu_common.o
 .debug_abbrev  0x0000000000002f15      0x35c /home/aki/Desktop/TryNucleoCode/LedToggleWithButton/bin/nucleo-f767zi/cpu/cpu_init.o
 .debug_abbrev  0x0000000000003271      0x556 /home/aki/Desktop/TryNucleoCode/LedToggleWithButton/bin/nucleo-f767zi/newlib_syscalls_default/syscalls.o
 .debug_abbrev  0x00000000000037c7      0x52a /home/aki/Desktop/TryNucleoCode/LedToggleWithButton/bin/nucleo-f767zi/periph/gpio_all.o
 .debug_abbrev  0x0000000000003cf1      0x3bd /home/aki/Desktop/TryNucleoCode/LedToggleWithButton/bin/nucleo-f767zi/periph/pm.o
 .debug_abbrev  0x00000000000040ae      0x541 /home/aki/Desktop/TryNucleoCode/LedToggleWithButton/bin/nucleo-f767zi/periph/uart.o
 .debug_abbrev  0x00000000000045ef      0x39f /home/aki/Desktop/TryNucleoCode/LedToggleWithButton/bin/nucleo-f767zi/pm_layered/pm.o
 .debug_abbrev  0x000000000000498e      0x376 /home/aki/Desktop/TryNucleoCode/LedToggleWithButton/bin/nucleo-f767zi/stdio_uart/stdio_uart.o
 .debug_abbrev  0x0000000000004d04      0x2f1 /home/aki/Desktop/TryNucleoCode/LedToggleWithButton/bin/nucleo-f767zi/stm32_clk/stmclk_common.o
 .debug_abbrev  0x0000000000004ff5      0x39e /home/aki/Desktop/TryNucleoCode/LedToggleWithButton/bin/nucleo-f767zi/stm32_clk/stmclk_f2f4f7.o
 .debug_abbrev  0x0000000000005393       0xf4 /home/aki/Desktop/TryNucleoCode/LedToggleWithButton/bin/nucleo-f767zi/stm32_vectors/STM32F767xx.o
 .debug_abbrev  0x0000000000005487      0x26a /home/aki/Desktop/TryNucleoCode/LedToggleWithButton/bin/nucleo-f767zi/periph_common/init.o
 .debug_abbrev  0x00000000000056f1      0x17a /usr/lib/gcc/arm-none-eabi/9.2.1/../../../arm-none-eabi/lib/thumb/v7e-m+fp/hard/libc_nano.a(lib_a-impure.o)
 .debug_abbrev  0x000000000000586b       0xcc /usr/lib/gcc/arm-none-eabi/9.2.1/../../../arm-none-eabi/lib/thumb/v7e-m+fp/hard/libc_nano.a(lib_a-init.o)
 .debug_abbrev  0x0000000000005937       0x14 /usr/lib/gcc/arm-none-eabi/9.2.1/../../../arm-none-eabi/lib/thumb/v7e-m+fp/hard/libc_nano.a(lib_a-memcpy.o)
 .debug_abbrev  0x000000000000594b      0x1d9 /usr/lib/gcc/arm-none-eabi/9.2.1/../../../arm-none-eabi/lib/thumb/v7e-m+fp/hard/libc_nano.a(lib_a-memset.o)
 .debug_abbrev  0x0000000000005b24      0x2d1 /usr/lib/gcc/arm-none-eabi/9.2.1/../../../arm-none-eabi/lib/thumb/v7e-m+fp/hard/libc_nano.a(lib_a-nano-mallocr.o)
 .debug_abbrev  0x0000000000005df5      0x29f /usr/lib/gcc/arm-none-eabi/9.2.1/../../../arm-none-eabi/lib/thumb/v7e-m+fp/hard/libc_nano.a(lib_a-printf.o)
 .debug_abbrev  0x0000000000006094      0x2de /usr/lib/gcc/arm-none-eabi/9.2.1/../../../arm-none-eabi/lib/thumb/v7e-m+fp/hard/libc_nano.a(lib_a-puts.o)
 .debug_abbrev  0x0000000000006372      0x285 /usr/lib/gcc/arm-none-eabi/9.2.1/../../../arm-none-eabi/lib/thumb/v7e-m+fp/hard/libc_nano.a(lib_a-wbuf.o)
 .debug_abbrev  0x00000000000065f7      0x23a /usr/lib/gcc/arm-none-eabi/9.2.1/../../../arm-none-eabi/lib/thumb/v7e-m+fp/hard/libc_nano.a(lib_a-wsetup.o)
 .debug_abbrev  0x0000000000006831      0x2e4 /usr/lib/gcc/arm-none-eabi/9.2.1/../../../arm-none-eabi/lib/thumb/v7e-m+fp/hard/libc_nano.a(lib_a-fflush.o)
 .debug_abbrev  0x0000000000006b15      0x3dc /usr/lib/gcc/arm-none-eabi/9.2.1/../../../arm-none-eabi/lib/thumb/v7e-m+fp/hard/libc_nano.a(lib_a-findfp.o)
 .debug_abbrev  0x0000000000006ef1      0x210 /usr/lib/gcc/arm-none-eabi/9.2.1/../../../arm-none-eabi/lib/thumb/v7e-m+fp/hard/libc_nano.a(lib_a-fwalk.o)
 .debug_abbrev  0x0000000000007101      0x2f6 /usr/lib/gcc/arm-none-eabi/9.2.1/../../../arm-none-eabi/lib/thumb/v7e-m+fp/hard/libc_nano.a(lib_a-makebuf.o)
 .debug_abbrev  0x00000000000073f7      0x1c5 /usr/lib/gcc/arm-none-eabi/9.2.1/../../../arm-none-eabi/lib/thumb/v7e-m+fp/hard/libc_nano.a(lib_a-mlock.o)
 .debug_abbrev  0x00000000000075bc      0x286 /usr/lib/gcc/arm-none-eabi/9.2.1/../../../arm-none-eabi/lib/thumb/v7e-m+fp/hard/libc_nano.a(lib_a-nano-freer.o)
 .debug_abbrev  0x0000000000007842      0x337 /usr/lib/gcc/arm-none-eabi/9.2.1/../../../arm-none-eabi/lib/thumb/v7e-m+fp/hard/libc_nano.a(lib_a-nano-vfprintf.o)
 .debug_abbrev  0x0000000000007b79      0x2dc /usr/lib/gcc/arm-none-eabi/9.2.1/../../../arm-none-eabi/lib/thumb/v7e-m+fp/hard/libc_nano.a(lib_a-nano-vfprintf_i.o)
 .debug_abbrev  0x0000000000007e55      0x26f /usr/lib/gcc/arm-none-eabi/9.2.1/../../../arm-none-eabi/lib/thumb/v7e-m+fp/hard/libc_nano.a(lib_a-stdio.o)
 .debug_abbrev  0x00000000000080c4      0x270 /usr/lib/gcc/arm-none-eabi/9.2.1/../../../arm-none-eabi/lib/thumb/v7e-m+fp/hard/libc_nano.a(lib_a-fvwrite.o)
 .debug_abbrev  0x0000000000008334       0x14 /usr/lib/gcc/arm-none-eabi/9.2.1/../../../arm-none-eabi/lib/thumb/v7e-m+fp/hard/libc_nano.a(lib_a-memchr.o)
 .debug_abbrev  0x0000000000008348      0x1de /usr/lib/gcc/arm-none-eabi/9.2.1/../../../arm-none-eabi/lib/thumb/v7e-m+fp/hard/libc_nano.a(lib_a-memmove.o)
 .debug_abbrev  0x0000000000008526      0x22a /usr/lib/gcc/arm-none-eabi/9.2.1/../../../arm-none-eabi/lib/thumb/v7e-m+fp/hard/libc_nano.a(lib_a-nano-reallocr.o)
 .debug_abbrev  0x0000000000008750      0x1e5 /usr/lib/gcc/arm-none-eabi/9.2.1/../../../arm-none-eabi/lib/thumb/v7e-m+fp/hard/libc_nano.a(lib_a-nano-msizer.o)

.debug_loc      0x0000000000000000     0x6e10
 .debug_loc     0x0000000000000000       0x4f /home/aki/Desktop/TryNucleoCode/LedToggleWithButton/bin/nucleo-f767zi/application_press_button/main.o
 .debug_loc     0x000000000000004f       0x2a /home/aki/Desktop/TryNucleoCode/LedToggleWithButton/bin/nucleo-f767zi/boards_common_nucleo/board_common_nucleo_init.o
 .debug_loc     0x0000000000000079       0x4f /home/aki/Desktop/TryNucleoCode/LedToggleWithButton/bin/nucleo-f767zi/core/init.o
 .debug_loc     0x00000000000000c8       0x86 /home/aki/Desktop/TryNucleoCode/LedToggleWithButton/bin/nucleo-f767zi/core/panic.o
 .debug_loc     0x000000000000014e      0x385 /home/aki/Desktop/TryNucleoCode/LedToggleWithButton/bin/nucleo-f767zi/core/sched.o
 .debug_loc     0x00000000000004d3      0xb11 /home/aki/Desktop/TryNucleoCode/LedToggleWithButton/bin/nucleo-f767zi/core/thread.o
 .debug_loc     0x0000000000000fe4      0x194 /home/aki/Desktop/TryNucleoCode/LedToggleWithButton/bin/nucleo-f767zi/cortexm_common/cortexm_init.o
 .debug_loc     0x0000000000001178       0xa7 /home/aki/Desktop/TryNucleoCode/LedToggleWithButton/bin/nucleo-f767zi/cortexm_common/mpu.o
 .debug_loc     0x000000000000121f       0x63 /home/aki/Desktop/TryNucleoCode/LedToggleWithButton/bin/nucleo-f767zi/cortexm_common/panic.o
 .debug_loc     0x0000000000001282      0x25f /home/aki/Desktop/TryNucleoCode/LedToggleWithButton/bin/nucleo-f767zi/cortexm_common/thread_arch.o
 .debug_loc     0x00000000000014e1      0x404 /home/aki/Desktop/TryNucleoCode/LedToggleWithButton/bin/nucleo-f767zi/cortexm_common/vectors_cortexm.o
 .debug_loc     0x00000000000018e5      0x2ed /home/aki/Desktop/TryNucleoCode/LedToggleWithButton/bin/nucleo-f767zi/cpu/cpu_common.o
 .debug_loc     0x0000000000001bd2      0x1e3 /home/aki/Desktop/TryNucleoCode/LedToggleWithButton/bin/nucleo-f767zi/cpu/cpu_init.o
 .debug_loc     0x0000000000001db5      0x52c /home/aki/Desktop/TryNucleoCode/LedToggleWithButton/bin/nucleo-f767zi/newlib_syscalls_default/syscalls.o
 .debug_loc     0x00000000000022e1      0x760 /home/aki/Desktop/TryNucleoCode/LedToggleWithButton/bin/nucleo-f767zi/periph/gpio_all.o
 .debug_loc     0x0000000000002a41      0x143 /home/aki/Desktop/TryNucleoCode/LedToggleWithButton/bin/nucleo-f767zi/periph/pm.o
 .debug_loc     0x0000000000002b84      0x595 /home/aki/Desktop/TryNucleoCode/LedToggleWithButton/bin/nucleo-f767zi/periph/uart.o
 .debug_loc     0x0000000000003119      0x31b /home/aki/Desktop/TryNucleoCode/LedToggleWithButton/bin/nucleo-f767zi/pm_layered/pm.o
 .debug_loc     0x0000000000003434       0xb0 /home/aki/Desktop/TryNucleoCode/LedToggleWithButton/bin/nucleo-f767zi/stdio_uart/stdio_uart.o
 .debug_loc     0x00000000000034e4       0x2a /home/aki/Desktop/TryNucleoCode/LedToggleWithButton/bin/nucleo-f767zi/stm32_clk/stmclk_common.o
 .debug_loc     0x000000000000350e       0x93 /home/aki/Desktop/TryNucleoCode/LedToggleWithButton/bin/nucleo-f767zi/stm32_clk/stmclk_f2f4f7.o
 .debug_loc     0x00000000000035a1       0x2a /home/aki/Desktop/TryNucleoCode/LedToggleWithButton/bin/nucleo-f767zi/periph_common/init.o
 .debug_loc     0x00000000000035cb       0xba /usr/lib/gcc/arm-none-eabi/9.2.1/../../../arm-none-eabi/lib/thumb/v7e-m+fp/hard/libc_nano.a(lib_a-init.o)
 .debug_loc     0x0000000000003685      0x231 /usr/lib/gcc/arm-none-eabi/9.2.1/../../../arm-none-eabi/lib/thumb/v7e-m+fp/hard/libc_nano.a(lib_a-memset.o)
 .debug_loc     0x00000000000038b6      0x437 /usr/lib/gcc/arm-none-eabi/9.2.1/../../../arm-none-eabi/lib/thumb/v7e-m+fp/hard/libc_nano.a(lib_a-nano-mallocr.o)
 .debug_loc     0x0000000000003ced       0x98 /usr/lib/gcc/arm-none-eabi/9.2.1/../../../arm-none-eabi/lib/thumb/v7e-m+fp/hard/libc_nano.a(lib_a-printf.o)
 .debug_loc     0x0000000000003d85      0x32d /usr/lib/gcc/arm-none-eabi/9.2.1/../../../arm-none-eabi/lib/thumb/v7e-m+fp/hard/libc_nano.a(lib_a-puts.o)
 .debug_loc     0x00000000000040b2      0x193 /usr/lib/gcc/arm-none-eabi/9.2.1/../../../arm-none-eabi/lib/thumb/v7e-m+fp/hard/libc_nano.a(lib_a-wbuf.o)
 .debug_loc     0x0000000000004245       0xb7 /usr/lib/gcc/arm-none-eabi/9.2.1/../../../arm-none-eabi/lib/thumb/v7e-m+fp/hard/libc_nano.a(lib_a-wsetup.o)
 .debug_loc     0x00000000000042fc      0x3f5 /usr/lib/gcc/arm-none-eabi/9.2.1/../../../arm-none-eabi/lib/thumb/v7e-m+fp/hard/libc_nano.a(lib_a-fflush.o)
 .debug_loc     0x00000000000046f1      0x339 /usr/lib/gcc/arm-none-eabi/9.2.1/../../../arm-none-eabi/lib/thumb/v7e-m+fp/hard/libc_nano.a(lib_a-findfp.o)
 .debug_loc     0x0000000000004a2a      0x24f /usr/lib/gcc/arm-none-eabi/9.2.1/../../../arm-none-eabi/lib/thumb/v7e-m+fp/hard/libc_nano.a(lib_a-fwalk.o)
 .debug_loc     0x0000000000004c79      0x192 /usr/lib/gcc/arm-none-eabi/9.2.1/../../../arm-none-eabi/lib/thumb/v7e-m+fp/hard/libc_nano.a(lib_a-makebuf.o)
 .debug_loc     0x0000000000004e0b      0x211 /usr/lib/gcc/arm-none-eabi/9.2.1/../../../arm-none-eabi/lib/thumb/v7e-m+fp/hard/libc_nano.a(lib_a-nano-freer.o)
 .debug_loc     0x000000000000501c      0x7a3 /usr/lib/gcc/arm-none-eabi/9.2.1/../../../arm-none-eabi/lib/thumb/v7e-m+fp/hard/libc_nano.a(lib_a-nano-vfprintf.o)
 .debug_loc     0x00000000000057bf      0x7ab /usr/lib/gcc/arm-none-eabi/9.2.1/../../../arm-none-eabi/lib/thumb/v7e-m+fp/hard/libc_nano.a(lib_a-nano-vfprintf_i.o)
 .debug_loc     0x0000000000005f6a      0x393 /usr/lib/gcc/arm-none-eabi/9.2.1/../../../arm-none-eabi/lib/thumb/v7e-m+fp/hard/libc_nano.a(lib_a-stdio.o)
 .debug_loc     0x00000000000062fd      0x669 /usr/lib/gcc/arm-none-eabi/9.2.1/../../../arm-none-eabi/lib/thumb/v7e-m+fp/hard/libc_nano.a(lib_a-fvwrite.o)
 .debug_loc     0x0000000000006966      0x2f1 /usr/lib/gcc/arm-none-eabi/9.2.1/../../../arm-none-eabi/lib/thumb/v7e-m+fp/hard/libc_nano.a(lib_a-memmove.o)
 .debug_loc     0x0000000000006c57      0x133 /usr/lib/gcc/arm-none-eabi/9.2.1/../../../arm-none-eabi/lib/thumb/v7e-m+fp/hard/libc_nano.a(lib_a-nano-reallocr.o)
 .debug_loc     0x0000000000006d8a       0x86 /usr/lib/gcc/arm-none-eabi/9.2.1/../../../arm-none-eabi/lib/thumb/v7e-m+fp/hard/libc_nano.a(lib_a-nano-msizer.o)

.debug_aranges  0x0000000000000000      0x970
 .debug_aranges
                0x0000000000000000       0x30 /home/aki/Desktop/TryNucleoCode/LedToggleWithButton/bin/nucleo-f767zi/application_press_button/main.o
 .debug_aranges
                0x0000000000000030       0x20 /home/aki/Desktop/TryNucleoCode/LedToggleWithButton/bin/nucleo-f767zi/auto_init/auto_init.o
 .debug_aranges
                0x0000000000000050       0x30 /home/aki/Desktop/TryNucleoCode/LedToggleWithButton/bin/nucleo-f767zi/boards_common_nucleo/board_common_nucleo_init.o
 .debug_aranges
                0x0000000000000080       0x30 /home/aki/Desktop/TryNucleoCode/LedToggleWithButton/bin/nucleo-f767zi/core/init.o
 .debug_aranges
                0x00000000000000b0       0x38 /home/aki/Desktop/TryNucleoCode/LedToggleWithButton/bin/nucleo-f767zi/core/panic.o
 .debug_aranges
                0x00000000000000e8       0x40 /home/aki/Desktop/TryNucleoCode/LedToggleWithButton/bin/nucleo-f767zi/core/sched.o
 .debug_aranges
                0x0000000000000128       0x70 /home/aki/Desktop/TryNucleoCode/LedToggleWithButton/bin/nucleo-f767zi/core/thread.o
 .debug_aranges
                0x0000000000000198       0x30 /home/aki/Desktop/TryNucleoCode/LedToggleWithButton/bin/nucleo-f767zi/cortexm_common/cortexm_init.o
 .debug_aranges
                0x00000000000001c8       0x40 /home/aki/Desktop/TryNucleoCode/LedToggleWithButton/bin/nucleo-f767zi/cortexm_common/mpu.o
 .debug_aranges
                0x0000000000000208       0x28 /home/aki/Desktop/TryNucleoCode/LedToggleWithButton/bin/nucleo-f767zi/cortexm_common/panic.o
 .debug_aranges
                0x0000000000000230       0x70 /home/aki/Desktop/TryNucleoCode/LedToggleWithButton/bin/nucleo-f767zi/cortexm_common/thread_arch.o
 .debug_aranges
                0x00000000000002a0       0x70 /home/aki/Desktop/TryNucleoCode/LedToggleWithButton/bin/nucleo-f767zi/cortexm_common/vectors_cortexm.o
 .debug_aranges
                0x0000000000000310       0x50 /home/aki/Desktop/TryNucleoCode/LedToggleWithButton/bin/nucleo-f767zi/cpu/cpu_common.o
 .debug_aranges
                0x0000000000000360       0x28 /home/aki/Desktop/TryNucleoCode/LedToggleWithButton/bin/nucleo-f767zi/cpu/cpu_init.o
 .debug_aranges
                0x0000000000000388       0xc0 /home/aki/Desktop/TryNucleoCode/LedToggleWithButton/bin/nucleo-f767zi/newlib_syscalls_default/syscalls.o
 .debug_aranges
                0x0000000000000448       0x80 /home/aki/Desktop/TryNucleoCode/LedToggleWithButton/bin/nucleo-f767zi/periph/gpio_all.o
 .debug_aranges
                0x00000000000004c8       0x30 /home/aki/Desktop/TryNucleoCode/LedToggleWithButton/bin/nucleo-f767zi/periph/pm.o
 .debug_aranges
                0x00000000000004f8       0x68 /home/aki/Desktop/TryNucleoCode/LedToggleWithButton/bin/nucleo-f767zi/periph/uart.o
 .debug_aranges
                0x0000000000000560       0x40 /home/aki/Desktop/TryNucleoCode/LedToggleWithButton/bin/nucleo-f767zi/pm_layered/pm.o
 .debug_aranges
                0x00000000000005a0       0x38 /home/aki/Desktop/TryNucleoCode/LedToggleWithButton/bin/nucleo-f767zi/stdio_uart/stdio_uart.o
 .debug_aranges
                0x00000000000005d8       0x50 /home/aki/Desktop/TryNucleoCode/LedToggleWithButton/bin/nucleo-f767zi/stm32_clk/stmclk_common.o
 .debug_aranges
                0x0000000000000628       0x28 /home/aki/Desktop/TryNucleoCode/LedToggleWithButton/bin/nucleo-f767zi/stm32_clk/stmclk_f2f4f7.o
 .debug_aranges
                0x0000000000000650       0x20 /home/aki/Desktop/TryNucleoCode/LedToggleWithButton/bin/nucleo-f767zi/stm32_vectors/STM32F767xx.o
 .debug_aranges
                0x0000000000000670       0x28 /home/aki/Desktop/TryNucleoCode/LedToggleWithButton/bin/nucleo-f767zi/periph_common/init.o
 .debug_aranges
                0x0000000000000698       0x18 /usr/lib/gcc/arm-none-eabi/9.2.1/../../../arm-none-eabi/lib/thumb/v7e-m+fp/hard/libc_nano.a(lib_a-impure.o)
 .debug_aranges
                0x00000000000006b0       0x20 /usr/lib/gcc/arm-none-eabi/9.2.1/../../../arm-none-eabi/lib/thumb/v7e-m+fp/hard/libc_nano.a(lib_a-init.o)
 .debug_aranges
                0x00000000000006d0       0x20 /usr/lib/gcc/arm-none-eabi/9.2.1/../../../arm-none-eabi/lib/thumb/v7e-m+fp/hard/libc_nano.a(lib_a-memcpy.o)
 .debug_aranges
                0x00000000000006f0       0x20 /usr/lib/gcc/arm-none-eabi/9.2.1/../../../arm-none-eabi/lib/thumb/v7e-m+fp/hard/libc_nano.a(lib_a-memset.o)
 .debug_aranges
                0x0000000000000710       0x20 /usr/lib/gcc/arm-none-eabi/9.2.1/../../../arm-none-eabi/lib/thumb/v7e-m+fp/hard/libc_nano.a(lib_a-nano-mallocr.o)
 .debug_aranges
                0x0000000000000730       0x20 /usr/lib/gcc/arm-none-eabi/9.2.1/../../../arm-none-eabi/lib/thumb/v7e-m+fp/hard/libc_nano.a(lib_a-printf.o)
 .debug_aranges
                0x0000000000000750       0x20 /usr/lib/gcc/arm-none-eabi/9.2.1/../../../arm-none-eabi/lib/thumb/v7e-m+fp/hard/libc_nano.a(lib_a-puts.o)
 .debug_aranges
                0x0000000000000770       0x20 /usr/lib/gcc/arm-none-eabi/9.2.1/../../../arm-none-eabi/lib/thumb/v7e-m+fp/hard/libc_nano.a(lib_a-wbuf.o)
 .debug_aranges
                0x0000000000000790       0x20 /usr/lib/gcc/arm-none-eabi/9.2.1/../../../arm-none-eabi/lib/thumb/v7e-m+fp/hard/libc_nano.a(lib_a-wsetup.o)
 .debug_aranges
                0x00000000000007b0       0x20 /usr/lib/gcc/arm-none-eabi/9.2.1/../../../arm-none-eabi/lib/thumb/v7e-m+fp/hard/libc_nano.a(lib_a-fflush.o)
 .debug_aranges
                0x00000000000007d0       0x20 /usr/lib/gcc/arm-none-eabi/9.2.1/../../../arm-none-eabi/lib/thumb/v7e-m+fp/hard/libc_nano.a(lib_a-findfp.o)
 .debug_aranges
                0x00000000000007f0       0x20 /usr/lib/gcc/arm-none-eabi/9.2.1/../../../arm-none-eabi/lib/thumb/v7e-m+fp/hard/libc_nano.a(lib_a-fwalk.o)
 .debug_aranges
                0x0000000000000810       0x20 /usr/lib/gcc/arm-none-eabi/9.2.1/../../../arm-none-eabi/lib/thumb/v7e-m+fp/hard/libc_nano.a(lib_a-makebuf.o)
 .debug_aranges
                0x0000000000000830       0x20 /usr/lib/gcc/arm-none-eabi/9.2.1/../../../arm-none-eabi/lib/thumb/v7e-m+fp/hard/libc_nano.a(lib_a-mlock.o)
 .debug_aranges
                0x0000000000000850       0x20 /usr/lib/gcc/arm-none-eabi/9.2.1/../../../arm-none-eabi/lib/thumb/v7e-m+fp/hard/libc_nano.a(lib_a-nano-freer.o)
 .debug_aranges
                0x0000000000000870       0x20 /usr/lib/gcc/arm-none-eabi/9.2.1/../../../arm-none-eabi/lib/thumb/v7e-m+fp/hard/libc_nano.a(lib_a-nano-vfprintf.o)
 .debug_aranges
                0x0000000000000890       0x20 /usr/lib/gcc/arm-none-eabi/9.2.1/../../../arm-none-eabi/lib/thumb/v7e-m+fp/hard/libc_nano.a(lib_a-nano-vfprintf_i.o)
 .debug_aranges
                0x00000000000008b0       0x20 /usr/lib/gcc/arm-none-eabi/9.2.1/../../../arm-none-eabi/lib/thumb/v7e-m+fp/hard/libc_nano.a(lib_a-stdio.o)
 .debug_aranges
                0x00000000000008d0       0x20 /usr/lib/gcc/arm-none-eabi/9.2.1/../../../arm-none-eabi/lib/thumb/v7e-m+fp/hard/libc_nano.a(lib_a-fvwrite.o)
 .debug_aranges
                0x00000000000008f0       0x20 /usr/lib/gcc/arm-none-eabi/9.2.1/../../../arm-none-eabi/lib/thumb/v7e-m+fp/hard/libc_nano.a(lib_a-memchr.o)
 .debug_aranges
                0x0000000000000910       0x20 /usr/lib/gcc/arm-none-eabi/9.2.1/../../../arm-none-eabi/lib/thumb/v7e-m+fp/hard/libc_nano.a(lib_a-memmove.o)
 .debug_aranges
                0x0000000000000930       0x20 /usr/lib/gcc/arm-none-eabi/9.2.1/../../../arm-none-eabi/lib/thumb/v7e-m+fp/hard/libc_nano.a(lib_a-nano-reallocr.o)
 .debug_aranges
                0x0000000000000950       0x20 /usr/lib/gcc/arm-none-eabi/9.2.1/../../../arm-none-eabi/lib/thumb/v7e-m+fp/hard/libc_nano.a(lib_a-nano-msizer.o)

.debug_ranges   0x0000000000000000     0x12b0
 .debug_ranges  0x0000000000000000       0x20 /home/aki/Desktop/TryNucleoCode/LedToggleWithButton/bin/nucleo-f767zi/application_press_button/main.o
 .debug_ranges  0x0000000000000020       0x10 /home/aki/Desktop/TryNucleoCode/LedToggleWithButton/bin/nucleo-f767zi/auto_init/auto_init.o
 .debug_ranges  0x0000000000000030       0x20 /home/aki/Desktop/TryNucleoCode/LedToggleWithButton/bin/nucleo-f767zi/boards_common_nucleo/board_common_nucleo_init.o
 .debug_ranges  0x0000000000000050       0x50 /home/aki/Desktop/TryNucleoCode/LedToggleWithButton/bin/nucleo-f767zi/core/init.o
 .debug_ranges  0x00000000000000a0       0x28 /home/aki/Desktop/TryNucleoCode/LedToggleWithButton/bin/nucleo-f767zi/core/panic.o
 .debug_ranges  0x00000000000000c8      0x128 /home/aki/Desktop/TryNucleoCode/LedToggleWithButton/bin/nucleo-f767zi/core/sched.o
 .debug_ranges  0x00000000000001f0      0x2a8 /home/aki/Desktop/TryNucleoCode/LedToggleWithButton/bin/nucleo-f767zi/core/thread.o
 .debug_ranges  0x0000000000000498       0xd8 /home/aki/Desktop/TryNucleoCode/LedToggleWithButton/bin/nucleo-f767zi/cortexm_common/cortexm_init.o
 .debug_ranges  0x0000000000000570       0x30 /home/aki/Desktop/TryNucleoCode/LedToggleWithButton/bin/nucleo-f767zi/cortexm_common/mpu.o
 .debug_ranges  0x00000000000005a0       0x48 /home/aki/Desktop/TryNucleoCode/LedToggleWithButton/bin/nucleo-f767zi/cortexm_common/panic.o
 .debug_ranges  0x00000000000005e8       0xa8 /home/aki/Desktop/TryNucleoCode/LedToggleWithButton/bin/nucleo-f767zi/cortexm_common/thread_arch.o
 .debug_ranges  0x0000000000000690       0x78 /home/aki/Desktop/TryNucleoCode/LedToggleWithButton/bin/nucleo-f767zi/cortexm_common/vectors_cortexm.o
 .debug_ranges  0x0000000000000708       0x40 /home/aki/Desktop/TryNucleoCode/LedToggleWithButton/bin/nucleo-f767zi/cpu/cpu_common.o
 .debug_ranges  0x0000000000000748       0xa0 /home/aki/Desktop/TryNucleoCode/LedToggleWithButton/bin/nucleo-f767zi/cpu/cpu_init.o
 .debug_ranges  0x00000000000007e8      0x128 /home/aki/Desktop/TryNucleoCode/LedToggleWithButton/bin/nucleo-f767zi/newlib_syscalls_default/syscalls.o
 .debug_ranges  0x0000000000000910      0x2b8 /home/aki/Desktop/TryNucleoCode/LedToggleWithButton/bin/nucleo-f767zi/periph/gpio_all.o
 .debug_ranges  0x0000000000000bc8       0x68 /home/aki/Desktop/TryNucleoCode/LedToggleWithButton/bin/nucleo-f767zi/periph/pm.o
 .debug_ranges  0x0000000000000c30      0x160 /home/aki/Desktop/TryNucleoCode/LedToggleWithButton/bin/nucleo-f767zi/periph/uart.o
 .debug_ranges  0x0000000000000d90       0xd8 /home/aki/Desktop/TryNucleoCode/LedToggleWithButton/bin/nucleo-f767zi/pm_layered/pm.o
 .debug_ranges  0x0000000000000e68       0x28 /home/aki/Desktop/TryNucleoCode/LedToggleWithButton/bin/nucleo-f767zi/stdio_uart/stdio_uart.o
 .debug_ranges  0x0000000000000e90       0x40 /home/aki/Desktop/TryNucleoCode/LedToggleWithButton/bin/nucleo-f767zi/stm32_clk/stmclk_common.o
 .debug_ranges  0x0000000000000ed0       0x60 /home/aki/Desktop/TryNucleoCode/LedToggleWithButton/bin/nucleo-f767zi/stm32_clk/stmclk_f2f4f7.o
 .debug_ranges  0x0000000000000f30       0x10 /home/aki/Desktop/TryNucleoCode/LedToggleWithButton/bin/nucleo-f767zi/stm32_vectors/STM32F767xx.o
 .debug_ranges  0x0000000000000f40       0x18 /home/aki/Desktop/TryNucleoCode/LedToggleWithButton/bin/nucleo-f767zi/periph_common/init.o
 .debug_ranges  0x0000000000000f58       0x38 /usr/lib/gcc/arm-none-eabi/9.2.1/../../../arm-none-eabi/lib/thumb/v7e-m+fp/hard/libc_nano.a(lib_a-nano-mallocr.o)
 .debug_ranges  0x0000000000000f90       0x68 /usr/lib/gcc/arm-none-eabi/9.2.1/../../../arm-none-eabi/lib/thumb/v7e-m+fp/hard/libc_nano.a(lib_a-puts.o)
 .debug_ranges  0x0000000000000ff8       0x20 /usr/lib/gcc/arm-none-eabi/9.2.1/../../../arm-none-eabi/lib/thumb/v7e-m+fp/hard/libc_nano.a(lib_a-wbuf.o)
 .debug_ranges  0x0000000000001018       0x30 /usr/lib/gcc/arm-none-eabi/9.2.1/../../../arm-none-eabi/lib/thumb/v7e-m+fp/hard/libc_nano.a(lib_a-wsetup.o)
 .debug_ranges  0x0000000000001048       0x68 /usr/lib/gcc/arm-none-eabi/9.2.1/../../../arm-none-eabi/lib/thumb/v7e-m+fp/hard/libc_nano.a(lib_a-fflush.o)
 .debug_ranges  0x00000000000010b0       0xe8 /usr/lib/gcc/arm-none-eabi/9.2.1/../../../arm-none-eabi/lib/thumb/v7e-m+fp/hard/libc_nano.a(lib_a-findfp.o)
 .debug_ranges  0x0000000000001198       0x28 /usr/lib/gcc/arm-none-eabi/9.2.1/../../../arm-none-eabi/lib/thumb/v7e-m+fp/hard/libc_nano.a(lib_a-makebuf.o)
 .debug_ranges  0x00000000000011c0       0x18 /usr/lib/gcc/arm-none-eabi/9.2.1/../../../arm-none-eabi/lib/thumb/v7e-m+fp/hard/libc_nano.a(lib_a-nano-freer.o)
 .debug_ranges  0x00000000000011d8       0x28 /usr/lib/gcc/arm-none-eabi/9.2.1/../../../arm-none-eabi/lib/thumb/v7e-m+fp/hard/libc_nano.a(lib_a-nano-vfprintf.o)
 .debug_ranges  0x0000000000001200       0x98 /usr/lib/gcc/arm-none-eabi/9.2.1/../../../arm-none-eabi/lib/thumb/v7e-m+fp/hard/libc_nano.a(lib_a-nano-vfprintf_i.o)
 .debug_ranges  0x0000000000001298       0x18 /usr/lib/gcc/arm-none-eabi/9.2.1/../../../arm-none-eabi/lib/thumb/v7e-m+fp/hard/libc_nano.a(lib_a-fvwrite.o)

.debug_macro    0x0000000000000000    0x348d3
 .debug_macro   0x0000000000000000      0x3d5 /home/aki/Desktop/TryNucleoCode/LedToggleWithButton/bin/nucleo-f767zi/application_press_button/main.o
 .debug_macro   0x00000000000003d5      0xafc /home/aki/Desktop/TryNucleoCode/LedToggleWithButton/bin/nucleo-f767zi/application_press_button/main.o
 .debug_macro   0x0000000000000ed1      0x124 /home/aki/Desktop/TryNucleoCode/LedToggleWithButton/bin/nucleo-f767zi/application_press_button/main.o
 .debug_macro   0x0000000000000ff5       0x22 /home/aki/Desktop/TryNucleoCode/LedToggleWithButton/bin/nucleo-f767zi/application_press_button/main.o
 .debug_macro   0x0000000000001017       0x46 /home/aki/Desktop/TryNucleoCode/LedToggleWithButton/bin/nucleo-f767zi/application_press_button/main.o
 .debug_macro   0x000000000000105d       0x18 /home/aki/Desktop/TryNucleoCode/LedToggleWithButton/bin/nucleo-f767zi/application_press_button/main.o
 .debug_macro   0x0000000000001075       0x5c /home/aki/Desktop/TryNucleoCode/LedToggleWithButton/bin/nucleo-f767zi/application_press_button/main.o
 .debug_macro   0x00000000000010d1       0x3c /home/aki/Desktop/TryNucleoCode/LedToggleWithButton/bin/nucleo-f767zi/application_press_button/main.o
 .debug_macro   0x000000000000110d       0x34 /home/aki/Desktop/TryNucleoCode/LedToggleWithButton/bin/nucleo-f767zi/application_press_button/main.o
 .debug_macro   0x0000000000001141       0x16 /home/aki/Desktop/TryNucleoCode/LedToggleWithButton/bin/nucleo-f767zi/application_press_button/main.o
 .debug_macro   0x0000000000001157       0x57 /home/aki/Desktop/TryNucleoCode/LedToggleWithButton/bin/nucleo-f767zi/application_press_button/main.o
 .debug_macro   0x00000000000011ae       0x97 /home/aki/Desktop/TryNucleoCode/LedToggleWithButton/bin/nucleo-f767zi/application_press_button/main.o
 .debug_macro   0x0000000000001245      0x35c /home/aki/Desktop/TryNucleoCode/LedToggleWithButton/bin/nucleo-f767zi/application_press_button/main.o
 .debug_macro   0x00000000000015a1       0xf6 /home/aki/Desktop/TryNucleoCode/LedToggleWithButton/bin/nucleo-f767zi/application_press_button/main.o
 .debug_macro   0x0000000000001697       0x10 /home/aki/Desktop/TryNucleoCode/LedToggleWithButton/bin/nucleo-f767zi/application_press_button/main.o
 .debug_macro   0x00000000000016a7       0x16 /home/aki/Desktop/TryNucleoCode/LedToggleWithButton/bin/nucleo-f767zi/application_press_button/main.o
 .debug_macro   0x00000000000016bd       0x43 /home/aki/Desktop/TryNucleoCode/LedToggleWithButton/bin/nucleo-f767zi/application_press_button/main.o
 .debug_macro   0x0000000000001700       0x34 /home/aki/Desktop/TryNucleoCode/LedToggleWithButton/bin/nucleo-f767zi/application_press_button/main.o
 .debug_macro   0x0000000000001734       0x10 /home/aki/Desktop/TryNucleoCode/LedToggleWithButton/bin/nucleo-f767zi/application_press_button/main.o
 .debug_macro   0x0000000000001744       0x52 /home/aki/Desktop/TryNucleoCode/LedToggleWithButton/bin/nucleo-f767zi/application_press_button/main.o
 .debug_macro   0x0000000000001796       0x71 /home/aki/Desktop/TryNucleoCode/LedToggleWithButton/bin/nucleo-f767zi/application_press_button/main.o
 .debug_macro   0x0000000000001807      0x34e /home/aki/Desktop/TryNucleoCode/LedToggleWithButton/bin/nucleo-f767zi/application_press_button/main.o
 .debug_macro   0x0000000000001b55       0x60 /home/aki/Desktop/TryNucleoCode/LedToggleWithButton/bin/nucleo-f767zi/application_press_button/main.o
 .debug_macro   0x0000000000001bb5       0x10 /home/aki/Desktop/TryNucleoCode/LedToggleWithButton/bin/nucleo-f767zi/application_press_button/main.o
 .debug_macro   0x0000000000001bc5      0x12a /home/aki/Desktop/TryNucleoCode/LedToggleWithButton/bin/nucleo-f767zi/application_press_button/main.o
 .debug_macro   0x0000000000001cef       0x10 /home/aki/Desktop/TryNucleoCode/LedToggleWithButton/bin/nucleo-f767zi/application_press_button/main.o
 .debug_macro   0x0000000000001cff       0x6a /home/aki/Desktop/TryNucleoCode/LedToggleWithButton/bin/nucleo-f767zi/application_press_button/main.o
 .debug_macro   0x0000000000001d69       0xb2 /home/aki/Desktop/TryNucleoCode/LedToggleWithButton/bin/nucleo-f767zi/application_press_button/main.o
 .debug_macro   0x0000000000001e1b       0x16 /home/aki/Desktop/TryNucleoCode/LedToggleWithButton/bin/nucleo-f767zi/application_press_button/main.o
 .debug_macro   0x0000000000001e31      0x114 /home/aki/Desktop/TryNucleoCode/LedToggleWithButton/bin/nucleo-f767zi/application_press_button/main.o
 .debug_macro   0x0000000000001f45       0x16 /home/aki/Desktop/TryNucleoCode/LedToggleWithButton/bin/nucleo-f767zi/application_press_button/main.o
 .debug_macro   0x0000000000001f5b       0x35 /home/aki/Desktop/TryNucleoCode/LedToggleWithButton/bin/nucleo-f767zi/application_press_button/main.o
 .debug_macro   0x0000000000001f90       0x22 /home/aki/Desktop/TryNucleoCode/LedToggleWithButton/bin/nucleo-f767zi/application_press_button/main.o
 .debug_macro   0x0000000000001fb2       0x22 /home/aki/Desktop/TryNucleoCode/LedToggleWithButton/bin/nucleo-f767zi/application_press_button/main.o
 .debug_macro   0x0000000000001fd4       0x49 /home/aki/Desktop/TryNucleoCode/LedToggleWithButton/bin/nucleo-f767zi/application_press_button/main.o
 .debug_macro   0x000000000000201d       0x2e /home/aki/Desktop/TryNucleoCode/LedToggleWithButton/bin/nucleo-f767zi/application_press_button/main.o
 .debug_macro   0x000000000000204b       0x3b /home/aki/Desktop/TryNucleoCode/LedToggleWithButton/bin/nucleo-f767zi/application_press_button/main.o
 .debug_macro   0x0000000000002086       0x1c /home/aki/Desktop/TryNucleoCode/LedToggleWithButton/bin/nucleo-f767zi/application_press_button/main.o
 .debug_macro   0x00000000000020a2       0x22 /home/aki/Desktop/TryNucleoCode/LedToggleWithButton/bin/nucleo-f767zi/application_press_button/main.o
 .debug_macro   0x00000000000020c4       0xd9 /home/aki/Desktop/TryNucleoCode/LedToggleWithButton/bin/nucleo-f767zi/application_press_button/main.o
 .debug_macro   0x000000000000219d     0x12cd /home/aki/Desktop/TryNucleoCode/LedToggleWithButton/bin/nucleo-f767zi/application_press_button/main.o
 .debug_macro   0x000000000000346a      0x11f /home/aki/Desktop/TryNucleoCode/LedToggleWithButton/bin/nucleo-f767zi/application_press_button/main.o
 .debug_macro   0x0000000000003589       0x19 /home/aki/Desktop/TryNucleoCode/LedToggleWithButton/bin/nucleo-f767zi/application_press_button/main.o
 .debug_macro   0x00000000000035a2    0x1a9b4 /home/aki/Desktop/TryNucleoCode/LedToggleWithButton/bin/nucleo-f767zi/application_press_button/main.o
 .debug_macro   0x000000000001df56       0x43 /home/aki/Desktop/TryNucleoCode/LedToggleWithButton/bin/nucleo-f767zi/application_press_button/main.o
 .debug_macro   0x000000000001df99       0x10 /home/aki/Desktop/TryNucleoCode/LedToggleWithButton/bin/nucleo-f767zi/application_press_button/main.o
 .debug_macro   0x000000000001dfa9       0x23 /home/aki/Desktop/TryNucleoCode/LedToggleWithButton/bin/nucleo-f767zi/application_press_button/main.o
 .debug_macro   0x000000000001dfcc      0x103 /home/aki/Desktop/TryNucleoCode/LedToggleWithButton/bin/nucleo-f767zi/application_press_button/main.o
 .debug_macro   0x000000000001e0cf      0x3c6 /home/aki/Desktop/TryNucleoCode/LedToggleWithButton/bin/nucleo-f767zi/application_press_button/main.o
 .debug_macro   0x000000000001e495       0xe8 /home/aki/Desktop/TryNucleoCode/LedToggleWithButton/bin/nucleo-f767zi/application_press_button/main.o
 .debug_macro   0x000000000001e57d       0x28 /home/aki/Desktop/TryNucleoCode/LedToggleWithButton/bin/nucleo-f767zi/application_press_button/main.o
 .debug_macro   0x000000000001e5a5       0x18 /home/aki/Desktop/TryNucleoCode/LedToggleWithButton/bin/nucleo-f767zi/application_press_button/main.o
 .debug_macro   0x000000000001e5bd       0x12 /home/aki/Desktop/TryNucleoCode/LedToggleWithButton/bin/nucleo-f767zi/application_press_button/main.o
 .debug_macro   0x000000000001e5cf       0x66 /home/aki/Desktop/TryNucleoCode/LedToggleWithButton/bin/nucleo-f767zi/application_press_button/main.o
 .debug_macro   0x000000000001e635       0x16 /home/aki/Desktop/TryNucleoCode/LedToggleWithButton/bin/nucleo-f767zi/application_press_button/main.o
 .debug_macro   0x000000000001e64b       0x16 /home/aki/Desktop/TryNucleoCode/LedToggleWithButton/bin/nucleo-f767zi/application_press_button/main.o
 .debug_macro   0x000000000001e661       0x2e /home/aki/Desktop/TryNucleoCode/LedToggleWithButton/bin/nucleo-f767zi/application_press_button/main.o
 .debug_macro   0x000000000001e68f       0x10 /home/aki/Desktop/TryNucleoCode/LedToggleWithButton/bin/nucleo-f767zi/application_press_button/main.o
 .debug_macro   0x000000000001e69f      0x1c1 /home/aki/Desktop/TryNucleoCode/LedToggleWithButton/bin/nucleo-f767zi/application_press_button/main.o
 .debug_macro   0x000000000001e860       0x28 /home/aki/Desktop/TryNucleoCode/LedToggleWithButton/bin/nucleo-f767zi/application_press_button/main.o
 .debug_macro   0x000000000001e888       0x2e /home/aki/Desktop/TryNucleoCode/LedToggleWithButton/bin/nucleo-f767zi/application_press_button/main.o
 .debug_macro   0x000000000001e8b6       0x2e /home/aki/Desktop/TryNucleoCode/LedToggleWithButton/bin/nucleo-f767zi/application_press_button/main.o
 .debug_macro   0x000000000001e8e4       0x16 /home/aki/Desktop/TryNucleoCode/LedToggleWithButton/bin/nucleo-f767zi/application_press_button/main.o
 .debug_macro   0x000000000001e8fa       0x28 /home/aki/Desktop/TryNucleoCode/LedToggleWithButton/bin/nucleo-f767zi/application_press_button/main.o
 .debug_macro   0x000000000001e922       0x16 /home/aki/Desktop/TryNucleoCode/LedToggleWithButton/bin/nucleo-f767zi/application_press_button/main.o
 .debug_macro   0x000000000001e938       0x16 /home/aki/Desktop/TryNucleoCode/LedToggleWithButton/bin/nucleo-f767zi/application_press_button/main.o
 .debug_macro   0x000000000001e94e       0xdc /home/aki/Desktop/TryNucleoCode/LedToggleWithButton/bin/nucleo-f767zi/application_press_button/main.o
 .debug_macro   0x000000000001ea2a      0x118 /home/aki/Desktop/TryNucleoCode/LedToggleWithButton/bin/nucleo-f767zi/application_press_button/main.o
 .debug_macro   0x000000000001eb42       0x48 /home/aki/Desktop/TryNucleoCode/LedToggleWithButton/bin/nucleo-f767zi/application_press_button/main.o
 .debug_macro   0x000000000001eb8a       0x16 /home/aki/Desktop/TryNucleoCode/LedToggleWithButton/bin/nucleo-f767zi/application_press_button/main.o
 .debug_macro   0x000000000001eba0       0xac /home/aki/Desktop/TryNucleoCode/LedToggleWithButton/bin/nucleo-f767zi/application_press_button/main.o
 .debug_macro   0x000000000001ec4c       0x76 /home/aki/Desktop/TryNucleoCode/LedToggleWithButton/bin/nucleo-f767zi/application_press_button/main.o
 .debug_macro   0x000000000001ecc2      0x184 /home/aki/Desktop/TryNucleoCode/LedToggleWithButton/bin/nucleo-f767zi/auto_init/auto_init.o
 .debug_macro   0x000000000001ee46      0xafc /home/aki/Desktop/TryNucleoCode/LedToggleWithButton/bin/nucleo-f767zi/auto_init/auto_init.o
 .debug_macro   0x000000000001f942       0x34 /home/aki/Desktop/TryNucleoCode/LedToggleWithButton/bin/nucleo-f767zi/auto_init/auto_init.o
 .debug_macro   0x000000000001f976      0x3aa /home/aki/Desktop/TryNucleoCode/LedToggleWithButton/bin/nucleo-f767zi/boards_common_nucleo/board_common_nucleo_init.o
 .debug_macro   0x000000000001fd20      0xafc /home/aki/Desktop/TryNucleoCode/LedToggleWithButton/bin/nucleo-f767zi/boards_common_nucleo/board_common_nucleo_init.o
 .debug_macro   0x000000000002081c      0x356 /home/aki/Desktop/TryNucleoCode/LedToggleWithButton/bin/nucleo-f767zi/core/init.o
 .debug_macro   0x0000000000020b72      0xafc /home/aki/Desktop/TryNucleoCode/LedToggleWithButton/bin/nucleo-f767zi/core/init.o
 .debug_macro   0x000000000002166e       0x10 /home/aki/Desktop/TryNucleoCode/LedToggleWithButton/bin/nucleo-f767zi/core/init.o
 .debug_macro   0x000000000002167e      0x23b /home/aki/Desktop/TryNucleoCode/LedToggleWithButton/bin/nucleo-f767zi/core/init.o
 .debug_macro   0x00000000000218b9      0x379 /home/aki/Desktop/TryNucleoCode/LedToggleWithButton/bin/nucleo-f767zi/core/init.o
 .debug_macro   0x0000000000021c32       0x10 /home/aki/Desktop/TryNucleoCode/LedToggleWithButton/bin/nucleo-f767zi/core/init.o
 .debug_macro   0x0000000000021c42       0x2e /home/aki/Desktop/TryNucleoCode/LedToggleWithButton/bin/nucleo-f767zi/core/init.o
 .debug_macro   0x0000000000021c70       0x10 /home/aki/Desktop/TryNucleoCode/LedToggleWithButton/bin/nucleo-f767zi/core/init.o
 .debug_macro   0x0000000000021c80      0x327 /home/aki/Desktop/TryNucleoCode/LedToggleWithButton/bin/nucleo-f767zi/core/panic.o
 .debug_macro   0x0000000000021fa7      0xafc /home/aki/Desktop/TryNucleoCode/LedToggleWithButton/bin/nucleo-f767zi/core/panic.o